Component: ARM Compiler 5.06 update 6 (build 750) Tool: armlink [4d35ed]

==============================================================================

Section Cross References

    startup_stm32f103xb.o(STACK) refers (Special) to heapauxi.o(.text) for __use_two_region_memory
    startup_stm32f103xb.o(HEAP) refers (Special) to heapauxi.o(.text) for __use_two_region_memory
    startup_stm32f103xb.o(RESET) refers (Special) to heapauxi.o(.text) for __use_two_region_memory
    startup_stm32f103xb.o(RESET) refers to startup_stm32f103xb.o(STACK) for __initial_sp
    startup_stm32f103xb.o(RESET) refers to startup_stm32f103xb.o(.text) for Reset_Handler
    startup_stm32f103xb.o(RESET) refers to stm32f1xx_it.o(i.NMI_Handler) for NMI_Handler
    startup_stm32f103xb.o(RESET) refers to stm32f1xx_it.o(i.HardFault_Handler) for HardFault_Handler
    startup_stm32f103xb.o(RESET) refers to stm32f1xx_it.o(i.MemManage_Handler) for MemManage_Handler
    startup_stm32f103xb.o(RESET) refers to stm32f1xx_it.o(i.BusFault_Handler) for BusFault_Handler
    startup_stm32f103xb.o(RESET) refers to stm32f1xx_it.o(i.UsageFault_Handler) for UsageFault_Handler
    startup_stm32f103xb.o(RESET) refers to stm32f1xx_it.o(i.SVC_Handler) for SVC_Handler
    startup_stm32f103xb.o(RESET) refers to stm32f1xx_it.o(i.DebugMon_Handler) for DebugMon_Handler
    startup_stm32f103xb.o(RESET) refers to stm32f1xx_it.o(i.PendSV_Handler) for PendSV_Handler
    startup_stm32f103xb.o(RESET) refers to stm32f1xx_it.o(i.SysTick_Handler) for SysTick_Handler
    startup_stm32f103xb.o(RESET) refers to stm32f1xx_it.o(i.TIM2_IRQHandler) for TIM2_IRQHandler
    startup_stm32f103xb.o(RESET) refers to stm32f1xx_it.o(i.TIM3_IRQHandler) for TIM3_IRQHandler
    startup_stm32f103xb.o(.text) refers (Special) to heapauxi.o(.text) for __use_two_region_memory
    startup_stm32f103xb.o(.text) refers to system_stm32f1xx.o(i.SystemInit) for SystemInit
    startup_stm32f103xb.o(.text) refers to __main.o(!!!main) for __main
    startup_stm32f103xb.o(.text) refers to startup_stm32f103xb.o(HEAP) for Heap_Mem
    startup_stm32f103xb.o(.text) refers to startup_stm32f103xb.o(STACK) for Stack_Mem
    uln2003.o(i.Delay_us) refers to stm32f1xx_hal_cortex.o(i.HAL_SYSTICK_Config) for HAL_SYSTICK_Config
    uln2003.o(i.Delay_us) refers to stm32f1xx_hal.o(i.HAL_Delay) for HAL_Delay
    uln2003.o(i.uln2003_MotorRotation_1) refers to uln2003.o(i.Delay_us) for Delay_us
    uln2003.o(i.uln2003_MotorRotation_2) refers to uln2003.o(i.Delay_us) for Delay_us
    hc_sr04.o(i.GetSR04Range_ECHO1) refers to stm32f1xx_hal.o(i.HAL_Delay) for HAL_Delay
    hc_sr04.o(i.GetSR04Range_ECHO1) refers to hc_sr04.o(.data) for .data
    hc_sr04.o(i.GetSR04Range_ECHO2) refers to stm32f1xx_hal.o(i.HAL_Delay) for HAL_Delay
    hc_sr04.o(i.GetSR04Range_ECHO2) refers to hc_sr04.o(.data) for .data
    hc_sr04.o(i.GetSR04Range_ECHO3) refers to stm32f1xx_hal.o(i.HAL_Delay) for HAL_Delay
    hc_sr04.o(i.GetSR04Range_ECHO3) refers to hc_sr04.o(.data) for .data
    hc_sr04.o(i.HAL_TIM_IC_CaptureCallback) refers to stm32f1xx_hal_tim.o(i.HAL_TIM_ReadCapturedValue) for HAL_TIM_ReadCapturedValue
    hc_sr04.o(i.HAL_TIM_IC_CaptureCallback) refers to hc_sr04.o(.data) for .data
    hc_sr04.o(i.HAL_TIM_IC_CaptureCallback) refers to tim.o(.bss) for htim2
    hc_sr04.o(i.HAL_TIM_PeriodElapsedCallback) refers to tim.o(.bss) for htim2
    hc_sr04.o(i.HAL_TIM_PeriodElapsedCallback) refers to hc_sr04.o(.data) for .data
    hc_sr04.o(i.HAL_TIM_PeriodElapsedCallback) refers to tim.o(.data) for timKeper
    motortt.o(i.MotorTT_B) refers to tim.o(.bss) for htim3
    motortt.o(i.MotorTT_F) refers to tim.o(.bss) for htim3
    motortt.o(i.MotorTT_L) refers to tim.o(.bss) for htim4
    motortt.o(i.MotorTT_R) refers to tim.o(.bss) for htim4
    motortt.o(i.SteeingEngCtrl) refers to tim.o(.bss) for htim1
    main.o(i.SystemClock_Config) refers to rt_memclr_w.o(.text) for __aeabi_memclr4
    main.o(i.SystemClock_Config) refers to stm32f1xx_hal_rcc.o(i.HAL_RCC_OscConfig) for HAL_RCC_OscConfig
    main.o(i.SystemClock_Config) refers to stm32f1xx_hal_rcc.o(i.HAL_RCC_ClockConfig) for HAL_RCC_ClockConfig
    main.o(i.fgetc) refers to stm32f1xx_hal_uart.o(i.HAL_UART_Receive) for HAL_UART_Receive
    main.o(i.fgetc) refers to usart.o(.bss) for huart2
    main.o(i.fputc) refers to stm32f1xx_hal_uart.o(i.HAL_UART_Transmit) for HAL_UART_Transmit
    main.o(i.fputc) refers to usart.o(.bss) for huart2
    main.o(i.main) refers to _scanf_str.o(.text) for _scanf_string
    main.o(i.main) refers to stm32f1xx_hal.o(i.HAL_Init) for HAL_Init
    main.o(i.main) refers to main.o(i.SystemClock_Config) for SystemClock_Config
    main.o(i.main) refers to gpio.o(i.MX_GPIO_Init) for MX_GPIO_Init
    main.o(i.main) refers to tim.o(i.MX_TIM1_Init) for MX_TIM1_Init
    main.o(i.main) refers to tim.o(i.MX_TIM2_Init) for MX_TIM2_Init
    main.o(i.main) refers to tim.o(i.MX_TIM3_Init) for MX_TIM3_Init
    main.o(i.main) refers to tim.o(i.MX_TIM4_Init) for MX_TIM4_Init
[...]
    .ARM.Collect$$libinit$$0000001B          0x0800017c   Section        0  libinit2.o(.ARM.Collect$$libinit$$0000001B)
    .ARM.Collect$$libinit$$0000001D          0x0800017c   Section        0  libinit2.o(.ARM.Collect$$libinit$$0000001D)
    .ARM.Collect$$libinit$$0000001F          0x0800017c   Section        0  libinit2.o(.ARM.Collect$$libinit$$0000001F)
    .ARM.Collect$$libinit$$00000021          0x0800017c   Section        0  libinit2.o(.ARM.Collect$$libinit$$00000021)
    .ARM.Collect$$libinit$$00000023          0x0800017c   Section        0  libinit2.o(.ARM.Collect$$libinit$$00000023)
    .ARM.Collect$$libinit$$00000024          0x0800017c   Section        4  libinit2.o(.ARM.Collect$$libinit$$00000024)
    .ARM.Collect$$libinit$$00000025          0x08000180   Section        0  libinit2.o(.ARM.Collect$$libinit$$00000025)
    .ARM.Collect$$libinit$$0000002C          0x08000180   Section        0  libinit2.o(.ARM.Collect$$libinit$$0000002C)
    .ARM.Collect$$libinit$$0000002E          0x08000180   Section        0  libinit2.o(.ARM.Collect$$libinit$$0000002E)
    .ARM.Collect$$libinit$$00000030          0x08000180   Section        0  libinit2.o(.ARM.Collect$$libinit$$00000030)
    .ARM.Collect$$libinit$$00000032          0x08000180   Section        0  libinit2.o(.ARM.Collect$$libinit$$00000032)
    .ARM.Collect$$libinit$$00000033          0x08000180   Section        2  libinit2.o(.ARM.Collect$$libinit$$00000033)
    .ARM.Collect$$libshutdown$$00000000      0x08000182   Section        2  libshutdown.o(.ARM.Collect$$libshutdown$$00000000)
    .ARM.Collect$$libshutdown$$00000002      0x08000184   Section        0  libshutdown2.o(.ARM.Collect$$libshutdown$$00000002)
    .ARM.Collect$$libshutdown$$00000003      0x08000184   Section        4  libshutdown2.o(.ARM.Collect$$libshutdown$$00000003)
    .ARM.Collect$$libshutdown$$00000004      0x08000188   Section        0  libshutdown2.o(.ARM.Collect$$libshutdown$$00000004)
    .ARM.Collect$$libshutdown$$00000007      0x08000188   Section        0  libshutdown2.o(.ARM.Collect$$libshutdown$$00000007)
    .ARM.Collect$$libshutdown$$0000000A      0x08000188   Section        0  libshutdown2.o(.ARM.Collect$$libshutdown$$0000000A)
    .ARM.Collect$$libshutdown$$0000000C      0x08000188   Section        0  libshutdown2.o(.ARM.Collect$$libshutdown$$0000000C)
    .ARM.Collect$$libshutdown$$0000000F      0x08000188   Section        0  libshutdown2.o(.ARM.Collect$$libshutdown$$0000000F)
    .ARM.Collect$$libshutdown$$00000010      0x08000188   Section        2  libshutdown2.o(.ARM.Collect$$libshutdown$$00000010)
    .ARM.Collect$$rtentry$$00000000          0x0800018a   Section        0  __rtentry.o(.ARM.Collect$$rtentry$$00000000)
    .ARM.Collect$$rtentry$$00000002          0x0800018a   Section        0  __rtentry2.o(.ARM.Collect$$rtentry$$00000002)
    .ARM.Collect$$rtentry$$00000004          0x0800018a   Section        6  __rtentry4.o(.ARM.Collect$$rtentry$$00000004)
    .ARM.Collect$$rtentry$$00000009          0x08000190   Section        0  __rtentry2.o(.ARM.Collect$$rtentry$$00000009)
    .ARM.Collect$$rtentry$$0000000A          0x08000190   Section        4  __rtentry2.o(.ARM.Collect$$rtentry$$0000000A)
    .ARM.Collect$$rtentry$$0000000C          0x08000194   Section        0  __rtentry2.o(.ARM.Collect$$rtentry$$0000000C)
    .ARM.Collect$$rtentry$$0000000D          0x08000194   Section        8  __rtentry2.o(.ARM.Collect$$rtentry$$0000000D)
    .ARM.Collect$$rtexit$$00000000           0x0800019c   Section        2  rtexit.o(.ARM.Collect$$rtexit$$00000000)
    .ARM.Collect$$rtexit$$00000002           0x0800019e   Section        0  rtexit2.o(.ARM.Collect$$rtexit$$00000002)
    .ARM.Collect$$rtexit$$00000003           0x0800019e   Section        4  rtexit2.o(.ARM.Collect$$rtexit$$00000003)
    .ARM.Collect$$rtexit$$00000004           0x080001a2   Section        6  rtexit2.o(.ARM.Collect$$rtexit$$00000004)
    .emb_text                                0x080001a8   Section        0  maybetermalloc1.o(.emb_text)
    .text                                    0x080001a8   Section       64  startup_stm32f103xb.o(.text)
    .text                                    0x080001e8   Section        0  noretval__2printf.o(.text)
    .text                                    0x08000200   Section        0  __0scanf.o(.text)
    .text                                    0x08000220   Section        0  _scanf_str.o(.text)
    .text                                    0x08000300   Section       78  rt_memclr_w.o(.text)
    .text                                    0x0800034e   Section        0  heapauxi.o(.text)
    .text                                    0x08000354   Section        0  _printf_char_file.o(.text)
    .text                                    0x08000378   Section        0  scanf_char_file.o(.text)
    .text                                    0x08000390   Section        0  _printf_char_common.o(.text)
    _printf_input_char                       0x08000391   Thumb Code    10  _printf_char_common.o(.text)
    .text                                    0x080003c0   Section        0  scanf_char.o(.text)
    _scanf_char_input                        0x080003c1   Thumb Code    12  scanf_char.o(.text)
    .text                                    0x080003ec   Section        0  backspace.o(.text)
    .text                                    0x08000434   Section        0  ferror.o(.text)
    .text                                    0x0800043c   Section        0  initio.o(.text)
    .text                                    0x08000574   Section        0  sys_io.o(.text)
    .text                                    0x080005da   Section       74  sys_stackheap_outer.o(.text)
    .text                                    0x08000624   Section        0  h1_free.o(.text)
    .text                                    0x08000672   Section        0  isspace.o(.text)
    .text                                    0x08000684   Section        0  __printf_nopercent.o(.text)
    .text                                    0x080006ac   Section        0  _scanf.o(.text)
    .text                                    0x08000a20   Section        0  setvbuf.o(.text)
    .text                                    0x08000a68   Section        0  ungetc.o(.text)
    .text                                    0x08000ab0   Section        0  fopen.o(.text)
    _freopen_locked                          0x08000ab1   Thumb Code     0  fopen.o(.text)
    .text                                    0x08000b9c   Section        0  fclose.o(.text)
    .text                                    0x08000be8   Section        0  exit.o(.text)
    .text                                    0x08000bfa   Section        0  defsig_rtred_outer.o(.text)
    .text                                    0x08000c08   Section        8  libspace.o(.text)
    .text                                    0x08000c10   Section        2  use_no_semi.o(.text)
    .text                                    0x08000c12   Section        0  indicate_semi.o(.text)
    .text                                    0x08000c14   Section       16  rt_ctype_table.o(.text)
    .text                                    0x08000c24   Section        8  rt_heap_descriptor_intlibspace.o(.text)
    .text                                    0x08000c2c   Section        0  hguard.o(.text)
    .text                                    0x08000c30   Section        0  init_alloc.o(.text)
    .text                                    0x08000cba   Section        0  h1_alloc.o(.text)
    .text                                    0x08000d18   Section        0  fseek.o(.text)
    .text                                    0x08000e10   Section        0  stdio.o(.text)
    .text                                    0x08000f00   Section        0  defsig_exit.o(.text)
    .text                                    0x08000f0c   Section        0  defsig_rtred_inner.o(.text)
    .text                                    0x08000f40   Section        0  strlen.o(.text)
    .text                                    0x08000f80   Section        0  sys_exit.o(.text)
    .text                                    0x08000f8c   Section        8  rt_locale_intlibspace.o(.text)
    .text                                    0x08000f94   Section        0  h1_init.o(.text)
    .text                                    0x08000fa2   Section        0  h1_extend.o(.text)
    .text                                    0x08000fd6   Section        0  ftell.o(.text)
    .text                                    0x08001018   Section        0  defsig_general.o(.text)
    .text                                    0x0800104a   Section        0  defsig_rtmem_outer.o(.text)
    .text                                    0x08001058   Section        0  sys_wrch.o(.text)
    .text                                    0x08001068   Section        8  rt_errno_addr_intlibspace.o(.text)
    .text                                    0x08001070   Section        0  defsig_rtmem_inner.o(.text)
    .text                                    0x080010c0   Section      128  strcmpv7m.o(.text)
    i.BusFault_Handler                       0x08001140   Section        0  stm32f1xx_it.o(i.BusFault_Handler)
    i.CalcuDist                              0x08001142   Section        0  mode_go.o(i.CalcuDist)
    i.DebugMon_Handler                       0x0800116e   Section        0  stm32f1xx_it.o(i.DebugMon_Handler)
    i.Delay_us                               0x08001170   Section        0  uln2003.o(i.Delay_us)
    i.Error_Handler                          0x08001190   Section        0  main.o(i.Error_Handler)
    i.GetSR04Range_ECHO1                     0x08001194   Section        0  hc_sr04.o(i.GetSR04Range_ECHO1)
    i.GetSR04Range_ECHO2                     0x080011d8   Section        0  hc_sr04.o(i.GetSR04Range_ECHO2)
    i.GetSR04Range_ECHO3                     0x0800121c   Section        0  hc_sr04.o(i.GetSR04Range_ECHO3)
    i.HAL_Delay                              0x08001260   Section        0  stm32f1xx_hal.o(i.HAL_Delay)
    i.HAL_GPIO_Init                          0x08001284   Section        0  stm32f1xx_hal_gpio.o(i.HAL_GPIO_Init)
    i.HAL_GPIO_WritePin                      0x08001464   Section        0  stm32f1xx_hal_gpio.o(i.HAL_GPIO_WritePin)
    i.HAL_GetTick                            0x08001470   Section        0  stm32f1xx_hal.o(i.HAL_GetTick)
    i.HAL_IncTick                            0x0800147c   Section        0  stm32f1xx_hal.o(i.HAL_IncTick)
    i.HAL_Init                               0x0800148c   Section        0  stm32f1xx_hal.o(i.HAL_Init)
    i.HAL_InitTick                           0x080014b0   Section        0  stm32f1xx_hal.o(i.HAL_InitTick)
    i.HAL_MspInit                            0x080014f0   Section        0  stm32f1xx_hal_msp.o(i.HAL_MspInit)
    i.HAL_NVIC_EnableIRQ                     0x0800152c   Section        0  stm32f1xx_hal_cortex.o(i.HAL_NVIC_EnableIRQ)
    i.HAL_NVIC_SetPriority                   0x08001548   Section        0  stm32f1xx_hal_cortex.o(i.HAL_NVIC_SetPriority)
    i.HAL_NVIC_SetPriorityGrouping           0x08001588   Section        0  stm32f1xx_hal_cortex.o(i.HAL_NVIC_SetPriorityGrouping)
    i.HAL_RCC_ClockConfig                    0x080015ac   Section        0  stm32f1xx_hal_rcc.o(i.HAL_RCC_ClockConfig)
    i.HAL_RCC_GetPCLK1Freq                   0x080016d8   Section        0  stm32f1xx_hal_rcc.o(i.HAL_RCC_GetPCLK1Freq)
    i.HAL_RCC_GetPCLK2Freq                   0x080016f8   Section        0  stm32f1xx_hal_rcc.o(i.HAL_RCC_GetPCLK2Freq)
    i.HAL_RCC_GetSysClockFreq                0x08001718   Section        0  stm32f1xx_hal_rcc.o(i.HAL_RCC_GetSysClockFreq)
    i.HAL_RCC_OscConfig                      0x08001784   Section        0  stm32f1xx_hal_rcc.o(i.HAL_RCC_OscConfig)
    i.HAL_SYSTICK_Config                     0x08001aa4   Section        0  stm32f1xx_hal_cortex.o(i.HAL_SYSTICK_Config)
    i.HAL_TIMEx_BreakCallback                0x08001acc   Section        0  stm32f1xx_hal_tim_ex.o(i.HAL_TIMEx_BreakCallback)
    i.HAL_TIMEx_CommutCallback               0x08001ace   Section        0  stm32f1xx_hal_tim_ex.o(i.HAL_TIMEx_CommutCallback)
    i.HAL_TIMEx_ConfigBreakDeadTime          0x08001ad0   Section        0  stm32f1xx_hal_tim_ex.o(i.HAL_TIMEx_ConfigBreakDeadTime)
    i.HAL_TIMEx_MasterConfigSynchronization  0x08001b24   Section        0  stm32f1xx_hal_tim_ex.o(i.HAL_TIMEx_MasterConfigSynchronization)
    i.HAL_TIM_Base_Init                      0x08001b8c   Section        0  stm32f1xx_hal_tim.o(i.HAL_TIM_Base_Init)
    i.HAL_TIM_Base_MspInit                   0x08001be8   Section        0  tim.o(i.HAL_TIM_Base_MspInit)
    i.HAL_TIM_ConfigClockSource              0x08001ce4   Section        0  stm32f1xx_hal_tim.o(i.HAL_TIM_ConfigClockSource)
    i.HAL_TIM_IC_CaptureCallback             0x08001dbc   Section        0  hc_sr04.o(i.HAL_TIM_IC_CaptureCallback)
    i.HAL_TIM_IC_ConfigChannel               0x08001f24   Section        0  stm32f1xx_hal_tim.o(i.HAL_TIM_IC_ConfigChannel)
    i.HAL_TIM_IC_Init                        0x08002032   Section        0  stm32f1xx_hal_tim.o(i.HAL_TIM_IC_Init)
    i.HAL_TIM_IC_MspInit                     0x0800208c   Section        0  stm32f1xx_hal_tim.o(i.HAL_TIM_IC_MspInit)
    i.HAL_TIM_IC_Start_IT                    0x08002090   Section        0  stm32f1xx_hal_tim.o(i.HAL_TIM_IC_Start_IT)
    i.HAL_TIM_IRQHandler                     0x08002170   Section        0  stm32f1xx_hal_tim.o(i.HAL_TIM_IRQHandler)
    i.HAL_TIM_MspPostInit                    0x080022d8   Section        0  tim.o(i.HAL_TIM_MspPostInit)
    i.HAL_TIM_OC_DelayElapsedCallback        0x08002394   Section        0  stm32f1xx_hal_tim.o(i.HAL_TIM_OC_DelayElapsedCallback)
    i.HAL_TIM_PWM_ConfigChannel              0x08002396   Section        0  stm32f1xx_hal_tim.o(i.HAL_TIM_PWM_ConfigChannel)
    i.HAL_TIM_PWM_Init                       0x0800245c   Section        0  stm32f1xx_hal_tim.o(i.HAL_TIM_PWM_Init)
    i.HAL_TIM_PWM_MspInit                    0x080024b6   Section        0  stm32f1xx_hal_tim.o(i.HAL_TIM_PWM_MspInit)
    i.HAL_TIM_PWM_PulseFinishedCallback      0x080024b8   Section        0  stm32f1xx_hal_tim.o(i.HAL_TIM_PWM_PulseFinishedCallback)
    i.HAL_TIM_PWM_Start                      0x080024bc   Section        0  stm32f1xx_hal_tim.o(i.HAL_TIM_PWM_Start)
    i.HAL_TIM_PeriodElapsedCallback          0x08002558   Section        0  hc_sr04.o(i.HAL_TIM_PeriodElapsedCallback)
    i.HAL_TIM_ReadCapturedValue              0x08002604   Section        0  stm32f1xx_hal_tim.o(i.HAL_TIM_ReadCapturedValue)
    i.HAL_TIM_TriggerCallback                0x0800262e   Section        0  stm32f1xx_hal_tim.o(i.HAL_TIM_TriggerCallback)
    i.HAL_UART_Init                          0x08002630   Section        0  stm32f1xx_hal_uart.o(i.HAL_UART_Init)
    i.HAL_UART_MspInit                       0x08002694   Section        0  usart.o(i.HAL_UART_MspInit)
    i.HAL_UART_Receive                       0x08002704   Section        0  stm32f1xx_hal_uart.o(i.HAL_UART_Receive)
    i.HAL_UART_Transmit                      0x080027c4   Section        0  stm32f1xx_hal_uart.o(i.HAL_UART_Transmit)
    i.HardFault_Handler                      0x08002876   Section        0  stm32f1xx_it.o(i.HardFault_Handler)
    i.MX_GPIO_Init                           0x08002878   Section        0  gpio.o(i.MX_GPIO_Init)
    i.MX_TIM1_Init                           0x08002928   Section        0  tim.o(i.MX_TIM1_Init)
    i.MX_TIM2_Init                           0x080029f0   Section        0  tim.o(i.MX_TIM2_Init)
    i.MX_TIM3_Init                           0x08002ac4   Section        0  tim.o(i.MX_TIM3_Init)
    i.MX_TIM4_Init                           0x08002bac   Section        0  tim.o(i.MX_TIM4_Init)
    i.MX_USART2_UART_Init                    0x08002c74   Section        0  usart.o(i.MX_USART2_UART_Init)
    i.MemManage_Handler                      0x08002cac   Section        0  stm32f1xx_it.o(i.MemManage_Handler)
    i.MotorTT_B                              0x08002cb0   Section        0  motortt.o(i.MotorTT_B)
    i.MotorTT_F                              0x08002cdc   Section        0  motortt.o(i.MotorTT_F)
    i.MotorTT_L                              0x08002d04   Section        0  motortt.o(i.MotorTT_L)
    i.MotorTT_R                              0x08002d30   Section        0  motortt.o(i.MotorTT_R)
    i.NMI_Handler                            0x08002d5c   Section        0  stm32f1xx_it.o(i.NMI_Handler)
    i.PendSV_Handler                         0x08002d5e   Section        0  stm32f1xx_it.o(i.PendSV_Handler)
    i.SVC_Handler                            0x08002d60   Section        0  stm32f1xx_it.o(i.SVC_Handler)
    i.Side2Side                              0x08002d64   Section        0  mode_go.o(i.Side2Side)
    i.SteeingEngCtrl                         0x08002e34   Section        0  motortt.o(i.SteeingEngCtrl)
    i.SysTick_Handler                        0x08002e4c   Section        0  stm32f1xx_it.o(i.SysTick_Handler)
    i.SystemClock_Config                     0x08002e50   Section        0  main.o(i.SystemClock_Config)
    i.SystemInit                             0x08002eae   Section        0  system_stm32f1xx.o(i.SystemInit)
    i.TIM2_IRQHandler                        0x08002eb0   Section        0  stm32f1xx_it.o(i.TIM2_IRQHandler)
    i.TIM3_IRQHandler                        0x08002ebc   Section        0  stm32f1xx_it.o(i.TIM3_IRQHandler)
    i.TIM_Base_SetConfig                     0x08002ec8   Section        0  stm32f1xx_hal_tim.o(i.TIM_Base_SetConfig)
    i.TIM_CCxChannelCmd                      0x08002f34   Section        0  stm32f1xx_hal_tim.o(i.TIM_CCxChannelCmd)
    i.TIM_ETR_SetConfig                      0x08002f4e   Section        0  stm32f1xx_hal_tim.o(i.TIM_ETR_SetConfig)
    i.TIM_ITRx_SetConfig                     0x08002f62   Section        0  stm32f1xx_hal_tim.o(i.TIM_ITRx_SetConfig)
    TIM_ITRx_SetConfig                       0x08002f63   Thumb Code    16  stm32f1xx_hal_tim.o(i.TIM_ITRx_SetConfig)
    i.TIM_OC1_SetConfig                      0x08002f74   Section        0  stm32f1xx_hal_tim.o(i.TIM_OC1_SetConfig)
    TIM_OC1_SetConfig                        0x08002f75   Thumb Code    74  stm32f1xx_hal_tim.o(i.TIM_OC1_SetConfig)
    i.TIM_OC2_SetConfig                      0x08002fc4   Section        0  stm32f1xx_hal_tim.o(i.TIM_OC2_SetConfig)
    i.TIM_OC3_SetConfig                      0x0800301c   Section        0  stm32f1xx_hal_tim.o(i.TIM_OC3_SetConfig)
    TIM_OC3_SetConfig                        0x0800301d   Thumb Code    82  stm32f1xx_hal_tim.o(i.TIM_OC3_SetConfig)
    i.TIM_OC4_SetConfig                      0x08003074   Section        0  stm32f1xx_hal_tim.o(i.TIM_OC4_SetConfig)
    TIM_OC4_SetConfig                        0x08003075   Thumb Code    64  stm32f1xx_hal_tim.o(i.TIM_OC4_SetConfig)
    i.TIM_TI1_ConfigInputStage               0x080030b8   Section        0  stm32f1xx_hal_tim.o(i.TIM_TI1_ConfigInputStage)
    TIM_TI1_ConfigInputStage                 0x080030b9   Thumb Code    34  stm32f1xx_hal_tim.o(i.TIM_TI1_ConfigInputStage)
    i.TIM_TI1_SetConfig                      0x080030dc   Section        0  stm32f1xx_hal_tim.o(i.TIM_TI1_SetConfig)
    i.TIM_TI2_ConfigInputStage               0x08003134   Section        0  stm32f1xx_hal_tim.o(i.TIM_TI2_ConfigInputStage)
    TIM_TI2_ConfigInputStage                 0x08003135   Thumb Code    36  stm32f1xx_hal_tim.o(i.TIM_TI2_ConfigInputStage)
    i.TIM_TI2_SetConfig                      0x08003158   Section        0  stm32f1xx_hal_tim.o(i.TIM_TI2_SetConfig)
    TIM_TI2_SetConfig                        0x08003159   Thumb Code    54  stm32f1xx_hal_tim.o(i.TIM_TI2_SetConfig)
    i.UART_SetConfig                         0x08003190   Section        0  stm32f1xx_hal_uart.o(i.UART_SetConfig)
    UART_SetConfig                           0x08003191   Thumb Code   178  stm32f1xx_hal_uart.o(i.UART_SetConfig)
    i.UART_WaitOnFlagUntilTimeout            0x08003248   Section        0  stm32f1xx_hal_uart.o(i.UART_WaitOnFlagUntilTimeout)
    UART_WaitOnFlagUntilTimeout              0x08003249   Thumb Code   100  stm32f1xx_hal_uart.o(i.UART_WaitOnFlagUntilTimeout)
    i.UUD2UUU                                0x080032ac   Section        0  mode_go.o(i.UUD2UUU)
    i.UpStairs_DDD2UUD                       0x080032ec   Section        0  mode_go.o(i.UpStairs_DDD2UUD)
    i.UsageFault_Handler                     0x08003424   Section        0  stm32f1xx_it.o(i.UsageFault_Handler)
    i.__NVIC_SetPriority                     0x08003426   Section        0  stm32f1xx_hal_cortex.o(i.__NVIC_SetPriority)
    __NVIC_SetPriority                       0x08003427   Thumb Code    32  stm32f1xx_hal_cortex.o(i.__NVIC_SetPriority)
    i.fgetc                                  0x08003448   Section        0  main.o(i.fgetc)
    i.fputc                                  0x08003464   Section        0  main.o(i.fputc)
    i.main                                   0x0800347c   Section        0  main.o(i.main)
    i.uln2003_MotorRotation_1                0x08003558   Section        0  uln2003.o(i.uln2003_MotorRotation_1)
    i.uln2003_MotorRotation_2                0x080037f0   Section        0  uln2003.o(i.uln2003_MotorRotation_2)
    locale$$code                             0x08003a90   Section       44  lc_ctype_c.o(locale$$code)
    .constdata                               0x08003abc   Section       16  system_stm32f1xx.o(.constdata)
    .constdata                               0x08003acc   Section        8  system_stm32f1xx.o(.constdata)
    .constdata                               0x08003ad4   Section        4  sys_io.o(.constdata)
    .constdata                               0x08003ad8   Section        4  sys_io.o(.constdata)
    .constdata                               0x08003adc   Section        4  sys_io.o(.constdata)
    locale$$data                             0x08003b00   Section      272  lc_ctype_c.o(locale$$data)
    __lcctype_c_name                         0x08003b04   Data           2  lc_ctype_c.o(locale$$data)
    __lcctype_c_start                        0x08003b0c   Data           0  lc_ctype_c.o(locale$$data)
    __lcctype_c_end                          0x08003c10   Data           0  lc_ctype_c.o(locale$$data)
    .data                                    0x20000000   Section       28  hc_sr04.o(.data)
    .data                                    0x2000001c   Section        4  main.o(.data)
    .data                                    0x20000020   Section        2  tim.o(.data)
    .data                                    0x20000024   Section       16  mode_go.o(.data)
    .data                                    0x20000034   Section       12  stm32f1xx_hal.o(.data)
    .data                                    0x20000040   Section        4  system_stm32f1xx.o(.data)
    .data                                    0x20000044   Section        4  stdio_streams.o(.data)
    .data                                    0x20000048   Section        4  stdio_streams.o(.data)
    .data                                    0x2000004c   Section        4  stdio_streams.o(.data)
    .bss                                     0x20000050   Section      288  tim.o(.bss)
    .bss                                     0x20000170   Section       68  usart.o(.bss)
    .bss                                     0x200001b4   Section       84  stdio_streams.o(.bss)
    .bss                                     0x20000208   Section       84  stdio_streams.o(.bss)
    .bss                                     0x2000025c   Section       84  stdio_streams.o(.bss)
    .bss                                     0x200002b0   Section       96  libspace.o(.bss)
    HEAP                                     0x20000310   Section      512  startup_stm32f103xb.o(HEAP)
    Heap_Mem                                 0x20000310   Data         512  startup_stm32f103xb.o(HEAP)
    STACK                                    0x20000510   Section     1024  startup_stm32f103xb.o(STACK)
    Stack_Mem                                0x20000510   Data        1024  startup_stm32f103xb.o(STACK)
    __initial_sp                             0x20000910   Data           0  startup_stm32f103xb.o(STACK)

    Global Symbols

    Symbol Name                              Value     Ov Type        Size  Object(Section)

    BuildAttributes$$THM_ISAv4$P$D$K$B$S$PE$A:L22UL41UL21$X:L11$S22US41US21$IEEE1$IW$USESV6$~STKCKD$USESV7$~SHL$OTIME$ROPI$EBA8$UX$STANDARDLIB$REQ8$PRES8$EABIv2 0x00000000   Number         0  anon$$obj.o ABSOLUTE
    __ARM_use_no_argv                        0x00000000   Number         0  main.o ABSOLUTE
    __ARM_exceptions_init                     - Undefined Weak Reference
    __alloca_initialize                       - Undefined Weak Reference
    __arm_preinit_                            - Undefined Weak Reference
    __cpp_initialize__aeabi_                  - Undefined Weak Reference
    __cxa_finalize                            - Undefined Weak Reference
    __sigvec_lookup                           - Undefined Weak Reference
    __user_heap_extent                        - Undefined Weak Reference
    _atexit_init                              - Undefined Weak Reference
    _call_atexit_fns                          - Undefined Weak Reference
    _clock_init                               - Undefined Weak Reference
    _fp_trap_init                             - Undefined Weak Reference
    _fp_trap_shutdown                         - Undefined Weak Reference
    _get_lc_collate                           - Undefined Weak Reference
    _get_lc_monetary                          - Undefined Weak Reference
    _get_lc_numeric                           - Undefined Weak Reference
    _get_lc_time                              - Undefined Weak Reference
    _getenv_init                              - Undefined Weak Reference
    _handle_redirection                       - Undefined Weak Reference
    _mutex_acquire                            - Undefined Weak Reference
    _mutex_free                               - Undefined Weak Reference
    _mutex_release                            - Undefined Weak Reference
    _rand_init                                - Undefined Weak Reference
    _scanf_int                                - Undefined Weak Reference
    _scanf_longlong                           - Undefined Weak Reference
    _scanf_mbtowc                             - Undefined Weak Reference
    _scanf_real                               - Undefined Weak Reference
    _scanf_wctomb                             - Undefined Weak Reference
    _scanf_wstring                            - Undefined Weak Reference
    _signal_finish                            - Undefined Weak Reference
    _signal_init                              - Undefined Weak Reference
    __Vectors_Size                           0x000000ec   Number         0  startup_stm32f103xb.o ABSOLUTE
    __Vectors                                0x08000000   Data           4  startup_stm32f103xb.o(RESET)
    __Vectors_End                            0x080000ec   Data           0  startup_stm32f103xb.o(RESET)
    __main                                   0x080000ed   Thumb Code     8  __main.o(!!!main)
    __scatterload                            0x080000f5   Thumb Code     0  __scatter.o(!!!scatter)
    __scatterload_rt2                        0x080000f5   Thumb Code    44  __scatter.o(!!!scatter)
    __scatterload_rt2_thumb_only             0x080000f5   Thumb Code     0  __scatter.o(!!!scatter)
    __scatterload_null                       0x08000103   Thumb Code     0  __scatter.o(!!!scatter)
    __scatterload_copy                       0x08000129   Thumb Code    26  __scatter_copy.o(!!handler_copy)
    __scatterload_zeroinit                   0x08000145   Thumb Code    28  __scatter_zi.o(!!handler_zi)
    __rt_lib_init                            0x08000161   Thumb Code     0  libinit.o(.ARM.Collect$$libinit$$00000000)
    __rt_lib_init_fp_1                       0x08000163   Thumb Code     0  libinit2.o(.ARM.Collect$$libinit$$00000002)
    __rt_lib_init_heap_2                     0x08000163   Thumb Code     0  libinit2.o(.ARM.Collect$$libinit$$00000005)
    __rt_lib_init_preinit_1                  0x08000163   Thumb Code     0  libinit2.o(.ARM.Collect$$libinit$$00000004)
    __rt_lib_init_heap_1                     0x0800016b   Thumb Code     0  libinit2.o(.ARM.Collect$$libinit$$0000000A)
    __rt_lib_init_lc_common                  0x0800016b   Thumb Code     0  libinit2.o(.ARM.Collect$$libinit$$0000000F)
    __rt_lib_init_rand_1                     0x0800016b   Thumb Code     0  libinit2.o(.ARM.Collect$$libinit$$0000000E)
    __rt_lib_init_user_alloc_1               0x0800016b   Thumb Code     0  libinit2.o(.ARM.Collect$$libinit$$0000000C)
    __rt_lib_init_lc_collate_1               0x08000171   Thumb Code     0  libinit2.o(.ARM.Collect$$libinit$$00000011)
    __rt_lib_init_lc_ctype_2                 0x08000171   Thumb Code     0  libinit2.o(.ARM.Collect$$libinit$$00000012)
    __rt_lib_init_atexit_1                   0x0800017d   Thumb Code     0  libinit2.o(.ARM.Collect$$libinit$$0000001B)
    __rt_lib_init_clock_1                    0x0800017d   Thumb Code     0  libinit2.o(.ARM.Collect$$libinit$$00000021)
    __rt_lib_init_fp_trap_1                  0x0800017d   Thumb Code     0  libinit2.o(.ARM.Collect$$libinit$$0000001F)
    __rt_lib_init_getenv_1                   0x0800017d   Thumb Code     0  libinit2.o(.ARM.Collect$$libinit$$00000023)
    __rt_lib_init_lc_ctype_1                 0x0800017d   Thumb Code     0  libinit2.o(.ARM.Collect$$libinit$$00000013)
    __rt_lib_init_lc_monetary_1              0x0800017d   Thumb Code     0  libinit2.o(.ARM.Collect$$libinit$$00000015)
    __rt_lib_init_lc_numeric_1               0x0800017d   Thumb Code     0  libinit2.o(.ARM.Collect$$libinit$$00000017)
    __rt_lib_init_lc_time_1                  0x0800017d   Thumb Code     0  libinit2.o(.ARM.Collect$$libinit$$00000019)
    __rt_lib_init_signal_1                   0x0800017d   Thumb Code     0  libinit2.o(.ARM.Collect$$libinit$$0000001D)
    __rt_lib_init_stdio_2                    0x0800017d   Thumb Code     0  libinit2.o(.ARM.Collect$$libinit$$00000024)
    __rt_lib_init_alloca_1                   0x08000181   Thumb Code     0  libinit2.o(.ARM.Collect$$libinit$$0000002E)
    __rt_lib_init_argv_1                     0x08000181   Thumb Code     0  libinit2.o(.ARM.Collect$$libinit$$0000002C)
    __rt_lib_init_cpp_1                      0x08000181   Thumb Code     0  libinit2.o(.ARM.Collect$$libinit$$00000032)
    __rt_lib_init_exceptions_1               0x08000181   Thumb Code     0  libinit2.o(.ARM.Collect$$libinit$$00000030)
    __rt_lib_init_return                     0x08000181   Thumb Code     0  libinit2.o(.ARM.Collect$$libinit$$00000033)
    __rt_lib_init_stdio_1                    0x08000181   Thumb Code     0  libinit2.o(.ARM.Collect$$libinit$$00000025)
    __rt_lib_shutdown                        0x08000183   Thumb Code     0  libshutdown.o(.ARM.Collect$$libshutdown$$00000000)
    __rt_lib_shutdown_cpp_1                  0x08000185   Thumb Code     0  libshutdown2.o(.ARM.Collect$$libshutdown$$00000002)
    __rt_lib_shutdown_stdio_2                0x08000185   Thumb Code     0  libshutdown2.o(.ARM.Collect$$libshutdown$$00000003)
    __rt_lib_shutdown_fp_trap_1              0x08000189   Thumb Code     0  libshutdown2.o(.ARM.Collect$$libshutdown$$00000007)
    __rt_lib_shutdown_heap_1                 0x08000189   Thumb Code     0  libshutdown2.o(.ARM.Collect$$libshutdown$$0000000F)
    __rt_lib_shutdown_return                 0x08000189   Thumb Code     0  libshutdown2.o(.ARM.Collect$$libshutdown$$00000010)
    __rt_lib_shutdown_signal_1               0x08000189   Thumb Code     0  libshutdown2.o(.ARM.Collect$$libshutdown$$0000000A)
    __rt_lib_shutdown_stdio_1                0x08000189   Thumb Code     0  libshutdown2.o(.ARM.Collect$$libshutdown$$00000004)
    __rt_lib_shutdown_user_alloc_1           0x08000189   Thumb Code     0  libshutdown2.o(.ARM.Collect$$libshutdown$$0000000C)
    __rt_entry                               0x0800018b   Thumb Code     0  __rtentry.o(.ARM.Collect$$rtentry$$00000000)
    __rt_entry_presh_1                       0x0800018b   Thumb Code     0  __rtentry2.o(.ARM.Collect$$rtentry$$00000002)
    __rt_entry_sh                            0x0800018b   Thumb Code     0  __rtentry4.o(.ARM.Collect$$rtentry$$00000004)
    __rt_entry_li                            0x08000191   Thumb Code     0  __rtentry2.o(.ARM.Collect$$rtentry$$0000000A)
    __rt_entry_postsh_1                      0x08000191   Thumb Code     0  __rtentry2.o(.ARM.Collect$$rtentry$$00000009)
    __rt_entry_main                          0x08000195   Thumb Code     0  __rtentry2.o(.ARM.Collect$$rtentry$$0000000D)
    __rt_entry_postli_1                      0x08000195   Thumb Code     0  __rtentry2.o(.ARM.Collect$$rtentry$$0000000C)
    __rt_exit                                0x0800019d   Thumb Code     0  rtexit.o(.ARM.Collect$$rtexit$$00000000)
    __rt_exit_ls                             0x0800019f   Thumb Code     0  rtexit2.o(.ARM.Collect$$rtexit$$00000003)
    __rt_exit_prels_1                        0x0800019f   Thumb Code     0  rtexit2.o(.ARM.Collect$$rtexit$$00000002)
    __rt_exit_exit                           0x080001a3   Thumb Code     0  rtexit2.o(.ARM.Collect$$rtexit$$00000004)
    Reset_Handler                            0x080001a9   Thumb Code     8  startup_stm32f103xb.o(.text)
    _maybe_terminate_alloc                   0x080001a9   Thumb Code     0  maybetermalloc1.o(.emb_text)
    ADC1_2_IRQHandler                        0x080001c3   Thumb Code     0  startup_stm32f103xb.o(.text)
    CAN1_RX1_IRQHandler                      0x080001c3   Thumb Code     0  startup_stm32f103xb.o(.text)
    CAN1_SCE_IRQHandler                      0x080001c3   Thumb Code     0  startup_stm32f103xb.o(.text)
    DMA1_Channel1_IRQHandler                 0x080001c3   Thumb Code     0  startup_stm32f103xb.o(.text)
    DMA1_Channel2_IRQHandler                 0x080001c3   Thumb Code     0  startup_stm32f103xb.o(.text)
    DMA1_Channel3_IRQHandler                 0x080001c3   Thumb Code     0  startup_stm32f103xb.o(.text)
    DMA1_Channel4_IRQHandler                 0x080001c3   Thumb Code     0  startup_stm32f103xb.o(.text)
    DMA1_Channel5_IRQHandler                 0x080001c3   Thumb Code     0  startup_stm32f103xb.o(.text)
    DMA1_Channel6_IRQHandler                 0x080001c3   Thumb Code     0  startup_stm32f103xb.o(.text)
    DMA1_Channel7_IRQHandler                 0x080001c3   Thumb Code     0  startup_stm32f103xb.o(.text)
    EXTI0_IRQHandler                         0x080001c3   Thumb Code     0  startup_stm32f103xb.o(.text)
    EXTI15_10_IRQHandler                     0x080001c3   Thumb Code     0  startup_stm32f103xb.o(.text)
    EXTI1_IRQHandler                         0x080001c3   Thumb Code     0  startup_stm32f103xb.o(.text)
    EXTI2_IRQHandler                         0x080001c3   Thumb Code     0  startup_stm32f103xb.o(.text)
    EXTI3_IRQHandler                         0x080001c3   Thumb Code     0  startup_stm32f103xb.o(.text)
    EXTI4_IRQHandler                         0x080001c3   Thumb Code     0  startup_stm32f103xb.o(.text)
    EXTI9_5_IRQHandler                       0x080001c3   Thumb Code     0  startup_stm32f103xb.o(.text)
    FLASH_IRQHandler                         0x080001c3   Thumb Code     0  startup_stm32f103xb.o(.text)
    I2C1_ER_IRQHandler                       0x080001c3   Thumb Code     0  startup_stm32f103xb.o(.text)
    I2C1_EV_IRQHandler                       0x080001c3   Thumb Code     0  startup_stm32f103xb.o(.text)
    I2C2_ER_IRQHandler                       0x080001c3   Thumb Code     0  startup_stm32f103xb.o(.text)
    I2C2_EV_IRQHandler                       0x080001c3   Thumb Code     0  startup_stm32f103xb.o(.text)
    PVD_IRQHandler                           0x080001c3   Thumb Code     0  startup_stm32f103xb.o(.text)
    RCC_IRQHandler                           0x080001c3   Thumb Code     0  startup_stm32f103xb.o(.text)
    RTC_Alarm_IRQHandler                     0x080001c3   Thumb Code     0  startup_stm32f103xb.o(.text)
    RTC_IRQHandler                           0x080001c3   Thumb Code     0  startup_stm32f103xb.o(.text)
    SPI1_IRQHandler                          0x080001c3   Thumb Code     0  startup_stm32f103xb.o(.text)
    SPI2_IRQHandler                          0x080001c3   Thumb Code     0  startup_stm32f103xb.o(.text)
    TAMPER_IRQHandler                        0x080001c3   Thumb Code     0  startup_stm32f103xb.o(.text)
    TIM1_BRK_IRQHandler                      0x080001c3   Thumb Code     0  startup_stm32f103xb.o(.text)
    TIM1_CC_IRQHandler                       0x080001c3   Thumb Code     0  startup_stm32f103xb.o(.text)
    TIM1_TRG_COM_IRQHandler                  0x080001c3   Thumb Code     0  startup_stm32f103xb.o(.text)
    TIM1_UP_IRQHandler                       0x080001c3   Thumb Code     0  startup_stm32f103xb.o(.text)
    TIM4_IRQHandler                          0x080001c3   Thumb Code     0  startup_stm32f103xb.o(.text)
    USART1_IRQHandler                        0x080001c3   Thumb Code     0  startup_stm32f103xb.o(.text)
    USART2_IRQHandler                        0x080001c3   Thumb Code     0  startup_stm32f103xb.o(.text)
    USART3_IRQHandler                        0x080001c3   Thumb Code     0  startup_stm32f103xb.o(.text)
    USBWakeUp_IRQHandler                     0x080001c3   Thumb Code     0  startup_stm32f103xb.o(.text)
    USB_HP_CAN1_TX_IRQHandler                0x080001c3   Thumb Code     0  startup_stm32f103xb.o(.text)
    USB_LP_CAN1_RX0_IRQHandler               0x080001c3   Thumb Code     0  startup_stm32f103xb.o(.text)
    WWDG_IRQHandler                          0x080001c3   Thumb Code     0  startup_stm32f103xb.o(.text)
    __user_initial_stackheap                 0x080001c5   Thumb Code     0  startup_stm32f103xb.o(.text)
    __2printf                                0x080001e9   Thumb Code    20  noretval__2printf.o(.text)
    __0scanf                                 0x08000201   Thumb Code    26  __0scanf.o(.text)
    _scanf_string                            0x08000221   Thumb Code   224  _scanf_str.o(.text)
    __aeabi_memclr4                          0x08000301   Thumb Code     0  rt_memclr_w.o(.text)
    __aeabi_memclr8                          0x08000301   Thumb Code     0  rt_memclr_w.o(.text)
    __rt_memclr_w                            0x08000301   Thumb Code    78  rt_memclr_w.o(.text)
    _memset_w                                0x08000305   Thumb Code     0  rt_memclr_w.o(.text)
    __use_two_region_memory                  0x0800034f   Thumb Code     2  heapauxi.o(.text)
    __rt_heap_escrow                         0x08000351   Thumb Code     2  heapauxi.o(.text)
    __rt_heap_expand                         0x08000353   Thumb Code     2  heapauxi.o(.text)
    _printf_char_file                        0x08000355   Thumb Code    32  _printf_char_file.o(.text)
    __vfscanf_char_file                      0x08000379   Thumb Code    16  scanf_char_file.o(.text)
    _printf_char_common                      0x0800039b   Thumb Code    32  _printf_char_common.o(.text)
    __vfscanf_char                           0x080003cd   Thumb Code    24  scanf_char.o(.text)
    ___backspace$unlocked                    0x080003ed   Thumb Code     2  backspace.o(.text)
    __backspace                              0x080003ef   Thumb Code    70  backspace.o(.text)
    ferror                                   0x08000435   Thumb Code     8  ferror.o(.text)
    _initio                                  0x0800043d   Thumb Code   210  initio.o(.text)
    _terminateio                             0x0800050f   Thumb Code    56  initio.o(.text)
    _sys_open                                0x08000575   Thumb Code    20  sys_io.o(.text)
    _sys_close                               0x08000589   Thumb Code    12  sys_io.o(.text)
    _sys_write                               0x08000595   Thumb Code    16  sys_io.o(.text)
    _sys_read                                0x080005a5   Thumb Code    14  sys_io.o(.text)
    _sys_istty                               0x080005b3   Thumb Code    12  sys_io.o(.text)
    _sys_seek                                0x080005bf   Thumb Code    14  sys_io.o(.text)
    _sys_ensure                              0x080005cd   Thumb Code     2  sys_io.o(.text)
    _sys_flen                                0x080005cf   Thumb Code    12  sys_io.o(.text)
    __user_setup_stackheap                   0x080005db   Thumb Code    74  sys_stackheap_outer.o(.text)
    free                                     0x08000625   Thumb Code    78  h1_free.o(.text)
    isspace                                  0x08000673   Thumb Code    18  isspace.o(.text)
    __printf                                 0x08000685   Thumb Code    40  __printf_nopercent.o(.text)
    __vfscanf                                0x080006ad   Thumb Code   878  _scanf.o(.text)
    setvbuf                                  0x08000a21   Thumb Code    70  setvbuf.o(.text)
    _ungetc_internal                         0x08000a69   Thumb Code    60  ungetc.o(.text)
    ungetc                                   0x08000a69   Thumb Code     0  ungetc.o(.text)
    freopen                                  0x08000ab1   Thumb Code   158  fopen.o(.text)
    fopen                                    0x08000b4f   Thumb Code    74  fopen.o(.text)
    _fclose_internal                         0x08000b9d   Thumb Code    76  fclose.o(.text)
    fclose                                   0x08000b9d   Thumb Code     0  fclose.o(.text)
    exit                                     0x08000be9   Thumb Code    18  exit.o(.text)
    __rt_SIGRTRED                            0x08000bfb   Thumb Code    14  defsig_rtred_outer.o(.text)
    __user_libspace                          0x08000c09   Thumb Code     8  libspace.o(.text)
    __user_perproc_libspace                  0x08000c09   Thumb Code     0  libspace.o(.text)
    __user_perthread_libspace                0x08000c09   Thumb Code     0  libspace.o(.text)
    __I$use$semihosting                      0x08000c11   Thumb Code     0  use_no_semi.o(.text)
    __use_no_semihosting_swi                 0x08000c11   Thumb Code     2  use_no_semi.o(.text)
    __semihosting_library_function           0x08000c13   Thumb Code     0  indicate_semi.o(.text)
    __rt_ctype_table                         0x08000c15   Thumb Code    16  rt_ctype_table.o(.text)
    __rt_heap_descriptor                     0x08000c25   Thumb Code     8  rt_heap_descriptor_intlibspace.o(.text)
    __use_no_heap                            0x08000c2d   Thumb Code     2  hguard.o(.text)
    __heap$guard                             0x08000c2f   Thumb Code     2  hguard.o(.text)
    _terminate_user_alloc                    0x08000c31   Thumb Code     2  init_alloc.o(.text)
    _init_user_alloc                         0x08000c33   Thumb Code     2  init_alloc.o(.text)
    __Heap_Full                              0x08000c35   Thumb Code    34  init_alloc.o(.text)
    __Heap_Broken                            0x08000c57   Thumb Code     6  init_alloc.o(.text)
    _init_alloc                              0x08000c5d   Thumb Code    94  init_alloc.o(.text)
    malloc                                   0x08000cbb   Thumb Code    94  h1_alloc.o(.text)
    _fseek                                   0x08000d19   Thumb Code   242  fseek.o(.text)
    fseek                                    0x08000d19   Thumb Code     0  fseek.o(.text)
    _seterr                                  0x08000e11   Thumb Code    20  stdio.o(.text)
    _writebuf                                0x08000e25   Thumb Code    84  stdio.o(.text)
    _fflush                                  0x08000e79   Thumb Code    70  stdio.o(.text)
    _deferredlazyseek                        0x08000ebf   Thumb Code    60  stdio.o(.text)
    __sig_exit                               0x08000f01   Thumb Code    10  defsig_exit.o(.text)
    __rt_SIGRTRED_inner                      0x08000f0d   Thumb Code    14  defsig_rtred_inner.o(.text)
    strlen                                   0x08000f41   Thumb Code    62  strlen.o(.text)
    _sys_exit                                0x08000f81   Thumb Code     8  sys_exit.o(.text)
    __rt_locale                              0x08000f8d   Thumb Code     8  rt_locale_intlibspace.o(.text)
    __Heap_Initialize                        0x08000f95   Thumb Code    10  h1_init.o(.text)
    __Heap_DescSize                          0x08000f9f   Thumb Code     4  h1_init.o(.text)
    __Heap_ProvideMemory                     0x08000fa3   Thumb Code    52  h1_extend.o(.text)
    _ftell_internal                          0x08000fd7   Thumb Code    66  ftell.o(.text)
    ftell                                    0x08000fd7   Thumb Code     0  ftell.o(.text)
    __default_signal_display                 0x08001019   Thumb Code    50  defsig_general.o(.text)
    __rt_SIGRTMEM                            0x0800104b   Thumb Code    14  defsig_rtmem_outer.o(.text)
    _ttywrch                                 0x08001059   Thumb Code    14  sys_wrch.o(.text)
    __aeabi_errno_addr                       0x08001069   Thumb Code     8  rt_errno_addr_intlibspace.o(.text)
    __errno$intlibspace                      0x08001069   Thumb Code     0  rt_errno_addr_intlibspace.o(.text)
    __rt_errno_addr$intlibspace              0x08001069   Thumb Code     0  rt_errno_addr_intlibspace.o(.text)
    __rt_SIGRTMEM_inner                      0x08001071   Thumb Code    22  defsig_rtmem_inner.o(.text)
    strcmp                                   0x080010c1   Thumb Code   128  strcmpv7m.o(.text)
    BusFault_Handler                         0x08001141   Thumb Code     2  stm32f1xx_it.o(i.BusFault_Handler)
    CalcuDist                                0x08001143   Thumb Code    44  mode_go.o(i.CalcuDist)
    DebugMon_Handler                         0x0800116f   Thumb Code     2  stm32f1xx_it.o(i.DebugMon_Handler)
    Delay_us                                 0x08001171   Thumb Code    26  uln2003.o(i.Delay_us)
    Error_Handler                            0x08001191   Thumb Code     4  main.o(i.Error_Handler)
    GetSR04Range_ECHO1                       0x08001195   Thumb Code    60  hc_sr04.o(i.GetSR04Range_ECHO1)
    GetSR04Range_ECHO2                       0x080011d9   Thumb Code    60  hc_sr04.o(i.GetSR04Range_ECHO2)
    GetSR04Range_ECHO3                       0x0800121d   Thumb Code    60  hc_sr04.o(i.GetSR04Range_ECHO3)
    HAL_Delay                                0x08001261   Thumb Code    32  stm32f1xx_hal.o(i.HAL_Delay)
    HAL_GPIO_Init                            0x08001285   Thumb Code   446  stm32f1xx_hal_gpio.o(i.HAL_GPIO_Init)
    HAL_GPIO_WritePin                        0x08001465   Thumb Code    10  stm32f1xx_hal_gpio.o(i.HAL_GPIO_WritePin)
    HAL_GetTick                              0x08001471   Thumb Code     6  stm32f1xx_hal.o(i.HAL_GetTick)
    HAL_IncTick                              0x0800147d   Thumb Code    12  stm32f1xx_hal.o(i.HAL_IncTick)
    HAL_Init                                 0x0800148d   Thumb Code    32  stm32f1xx_hal.o(i.HAL_Init)
    HAL_InitTick                             0x080014b1   Thumb Code    54  stm32f1xx_hal.o(i.HAL_InitTick)
    HAL_MspInit                              0x080014f1   Thumb Code    52  stm32f1xx_hal_msp.o(i.HAL_MspInit)
    HAL_NVIC_EnableIRQ                       0x0800152d   Thumb Code    26  stm32f1xx_hal_cortex.o(i.HAL_NVIC_EnableIRQ)
    HAL_NVIC_SetPriority                     0x08001549   Thumb Code    60  stm32f1xx_hal_cortex.o(i.HAL_NVIC_SetPriority)
    HAL_NVIC_SetPriorityGrouping             0x08001589   Thumb Code    26  stm32f1xx_hal_cortex.o(i.HAL_NVIC_SetPriorityGrouping)
    HAL_RCC_ClockConfig                      0x080015ad   Thumb Code   280  stm32f1xx_hal_rcc.o(i.HAL_RCC_ClockConfig)
    HAL_RCC_GetPCLK1Freq                     0x080016d9   Thumb Code    20  stm32f1xx_hal_rcc.o(i.HAL_RCC_GetPCLK1Freq)
    HAL_RCC_GetPCLK2Freq                     0x080016f9   Thumb Code    20  stm32f1xx_hal_rcc.o(i.HAL_RCC_GetPCLK2Freq)
    HAL_RCC_GetSysClockFreq                  0x08001719   Thumb Code    74  stm32f1xx_hal_rcc.o(i.HAL_RCC_GetSysClockFreq)
    HAL_RCC_OscConfig                        0x08001785   Thumb Code   778  stm32f1xx_hal_rcc.o(i.HAL_RCC_OscConfig)
    HAL_SYSTICK_Config                       0x08001aa5   Thumb Code    40  stm32f1xx_hal_cortex.o(i.HAL_SYSTICK_Config)
    HAL_TIMEx_BreakCallback                  0x08001acd   Thumb Code     2  stm32f1xx_hal_tim_ex.o(i.HAL_TIMEx_BreakCallback)
    HAL_TIMEx_CommutCallback                 0x08001acf   Thumb Code     2  stm32f1xx_hal_tim_ex.o(i.HAL_TIMEx_CommutCallback)
    HAL_TIMEx_ConfigBreakDeadTime            0x08001ad1   Thumb Code    84  stm32f1xx_hal_tim_ex.o(i.HAL_TIMEx_ConfigBreakDeadTime)
    HAL_TIMEx_MasterConfigSynchronization    0x08001b25   Thumb Code    92  stm32f1xx_hal_tim_ex.o(i.HAL_TIMEx_MasterConfigSynchronization)
    HAL_TIM_Base_Init                        0x08001b8d   Thumb Code    90  stm32f1xx_hal_tim.o(i.HAL_TIM_Base_Init)
    HAL_TIM_Base_MspInit                     0x08001be9   Thumb Code   222  tim.o(i.HAL_TIM_Base_MspInit)
    HAL_TIM_ConfigClockSource                0x08001ce5   Thumb Code   214  stm32f1xx_hal_tim.o(i.HAL_TIM_ConfigClockSource)
    HAL_TIM_IC_CaptureCallback               0x08001dbd   Thumb Code   352  hc_sr04.o(i.HAL_TIM_IC_CaptureCallback)
    HAL_TIM_IC_ConfigChannel                 0x08001f25   Thumb Code   270  stm32f1xx_hal_tim.o(i.HAL_TIM_IC_ConfigChannel)
    HAL_TIM_IC_Init                          0x08002033   Thumb Code    90  stm32f1xx_hal_tim.o(i.HAL_TIM_IC_Init)
    HAL_TIM_IC_MspInit                       0x0800208d   Thumb Code     2  stm32f1xx_hal_tim.o(i.HAL_TIM_IC_MspInit)
    HAL_TIM_IC_Start_IT                      0x08002091   Thumb Code   212  stm32f1xx_hal_tim.o(i.HAL_TIM_IC_Start_IT)
    HAL_TIM_IRQHandler                       0x08002171   Thumb Code   358  stm32f1xx_hal_tim.o(i.HAL_TIM_IRQHandler)
    HAL_TIM_MspPostInit                      0x080022d9   Thumb Code   164  tim.o(i.HAL_TIM_MspPostInit)
    HAL_TIM_OC_DelayElapsedCallback          0x08002395   Thumb Code     2  stm32f1xx_hal_tim.o(i.HAL_TIM_OC_DelayElapsedCallback)
    HAL_TIM_PWM_ConfigChannel                0x08002397   Thumb Code   198  stm32f1xx_hal_tim.o(i.HAL_TIM_PWM_ConfigChannel)
    HAL_TIM_PWM_Init                         0x0800245d   Thumb Code    90  stm32f1xx_hal_tim.o(i.HAL_TIM_PWM_Init)
    HAL_TIM_PWM_MspInit                      0x080024b7   Thumb Code     2  stm32f1xx_hal_tim.o(i.HAL_TIM_PWM_MspInit)
    HAL_TIM_PWM_PulseFinishedCallback        0x080024b9   Thumb Code     2  stm32f1xx_hal_tim.o(i.HAL_TIM_PWM_PulseFinishedCallback)
    HAL_TIM_PWM_Start                        0x080024bd   Thumb Code   144  stm32f1xx_hal_tim.o(i.HAL_TIM_PWM_Start)
    HAL_TIM_PeriodElapsedCallback            0x08002559   Thumb Code   156  hc_sr04.o(i.HAL_TIM_PeriodElapsedCallback)
    HAL_TIM_ReadCapturedValue                0x08002605   Thumb Code    42  stm32f1xx_hal_tim.o(i.HAL_TIM_ReadCapturedValue)
    HAL_TIM_TriggerCallback                  0x0800262f   Thumb Code     2  stm32f1xx_hal_tim.o(i.HAL_TIM_TriggerCallback)
    HAL_UART_Init                            0x08002631   Thumb Code    98  stm32f1xx_hal_uart.o(i.HAL_UART_Init)
    HAL_UART_MspInit                         0x08002695   Thumb Code    98  usart.o(i.HAL_UART_MspInit)
    HAL_UART_Receive                         0x08002705   Thumb Code   192  stm32f1xx_hal_uart.o(i.HAL_UART_Receive)
    HAL_UART_Transmit                        0x080027c5   Thumb Code   178  stm32f1xx_hal_uart.o(i.HAL_UART_Transmit)
    HardFault_Handler                        0x08002877   Thumb Code     2  stm32f1xx_it.o(i.HardFault_Handler)
    MX_GPIO_Init                             0x08002879   Thumb Code   162  gpio.o(i.MX_GPIO_Init)
    MX_TIM1_Init                             0x08002929   Thumb Code   192  tim.o(i.MX_TIM1_Init)
    MX_TIM2_Init                             0x080029f1   Thumb Code   208  tim.o(i.MX_TIM2_Init)
    MX_TIM3_Init                             0x08002ac5   Thumb Code   224  tim.o(i.MX_TIM3_Init)
    MX_TIM4_Init                             0x08002bad   Thumb Code   192  tim.o(i.MX_TIM4_Init)
    MX_USART2_UART_Init                      0x08002c75   Thumb Code    48  usart.o(i.MX_USART2_UART_Init)
    MemManage_Handler                        0x08002cad   Thumb Code     2  stm32f1xx_it.o(i.MemManage_Handler)
    MotorTT_B                                0x08002cb1   Thumb Code    38  motortt.o(i.MotorTT_B)
    MotorTT_F                                0x08002cdd   Thumb Code    34  motortt.o(i.MotorTT_F)
    MotorTT_L                                0x08002d05   Thumb Code    38  motortt.o(i.MotorTT_L)
    MotorTT_R                                0x08002d31   Thumb Code    38  motortt.o(i.MotorTT_R)
    NMI_Handler                              0x08002d5d   Thumb Code     2  stm32f1xx_it.o(i.NMI_Handler)
    PendSV_Handler                           0x08002d5f   Thumb Code     2  stm32f1xx_it.o(i.PendSV_Handler)
    SVC_Handler                              0x08002d61   Thumb Code     2  stm32f1xx_it.o(i.SVC_Handler)
    Side2Side                                0x08002d65   Thumb Code   204  mode_go.o(i.Side2Side)
    SteeingEngCtrl                           0x08002e35   Thumb Code    20  motortt.o(i.SteeingEngCtrl)
    SysTick_Handler                          0x08002e4d   Thumb Code     4  stm32f1xx_it.o(i.SysTick_Handler)
    SystemClock_Config                       0x08002e51   Thumb Code    94  main.o(i.SystemClock_Config)
    SystemInit                               0x08002eaf   Thumb Code     2  system_stm32f1xx.o(i.SystemInit)
    TIM2_IRQHandler                          0x08002eb1   Thumb Code     6  stm32f1xx_it.o(i.TIM2_IRQHandler)
    TIM3_IRQHandler                          0x08002ebd   Thumb Code     6  stm32f1xx_it.o(i.TIM3_IRQHandler)
    TIM_Base_SetConfig                       0x08002ec9   Thumb Code    94  stm32f1xx_hal_tim.o(i.TIM_Base_SetConfig)
    TIM_CCxChannelCmd                        0x08002f35   Thumb Code    26  stm32f1xx_hal_tim.o(i.TIM_CCxChannelCmd)
    TIM_ETR_SetConfig                        0x08002f4f   Thumb Code    20  stm32f1xx_hal_tim.o(i.TIM_ETR_SetConfig)
    TIM_OC2_SetConfig                        0x08002fc5   Thumb Code    84  stm32f1xx_hal_tim.o(i.TIM_OC2_SetConfig)
    TIM_TI1_SetConfig                        0x080030dd   Thumb Code    76  stm32f1xx_hal_tim.o(i.TIM_TI1_SetConfig)
    UUD2UUU                                  0x080032ad   Thumb Code    52  mode_go.o(i.UUD2UUU)
    UpStairs_DDD2UUD                         0x080032ed   Thumb Code   292  mode_go.o(i.UpStairs_DDD2UUD)
    UsageFault_Handler                       0x08003425   Thumb Code     2  stm32f1xx_it.o(i.UsageFault_Handler)
    fgetc                                    0x08003449   Thumb Code    22  main.o(i.fgetc)
    fputc                                    0x08003465   Thumb Code    20  main.o(i.fputc)
    main                                     0x0800347d   Thumb Code   126  main.o(i.main)
    uln2003_MotorRotation_1                  0x08003559   Thumb Code   660  uln2003.o(i.uln2003_MotorRotation_1)
    uln2003_MotorRotation_2                  0x080037f1   Thumb Code   662  uln2003.o(i.uln2003_MotorRotation_2)
    _get_lc_ctype                            0x08003a91   Thumb Code    44  lc_ctype_c.o(locale$$code)
    AHBPrescTable                            0x08003abc   Data          16  system_stm32f1xx.o(.constdata)
    APBPrescTable                            0x08003acc   Data           8  system_stm32f1xx.o(.constdata)
    __stdin_name                             0x08003ad4   Data           4  sys_io.o(.constdata)
    __stdout_name                            0x08003ad8   Data           4  sys_io.o(.constdata)
    __stderr_name                            0x08003adc   Data           4  sys_io.o(.constdata)
    Region$$Table$$Base                      0x08003ae0   Number         0  anon$$obj.o(Region$$Table)
    Region$$Table$$Limit                     0x08003b00   Number         0  anon$$obj.o(Region$$Table)
    __ctype                                  0x08003b0d   Data           0  lc_ctype_c.o(locale$$data)
    TIM2CH1_CAPTURE_STA                      0x20000000   Data           1  hc_sr04.o(.data)
    TIM2CH2_CAPTURE_STA                      0x20000001   Data           1  hc_sr04.o(.data)
    TIM2CH3_CAPTURE_STA                      0x20000002   Data           1  hc_sr04.o(.data)
    TIM2CH1_CAPTURE_VAL                      0x20000004   Data           2  hc_sr04.o(.data)
    TIM2CH2_CAPTURE_VAL                      0x20000006   Data           2  hc_sr04.o(.data)
    TIM2CH3_CAPTURE_VAL                      0x20000008   Data           2  hc_sr04.o(.data)
    timeRecordcmd                            0x2000000c   Data           4  hc_sr04.o(.data)
    klick                                    0x20000010   Data           4  hc_sr04.o(.data)
    klick_up                                 0x20000014   Data           4  hc_sr04.o(.data)
    klick_up_cmd                             0x20000018   Data           4  hc_sr04.o(.data)
    distStart                                0x2000001c   Data           4  main.o(.data)
    timKeper                                 0x20000020   Data           2  tim.o(.data)
    dist1                                    0x20000024   Data           4  mode_go.o(.data)
    dist2                                    0x20000028   Data           4  mode_go.o(.data)
    dist3                                    0x2000002c   Data           4  mode_go.o(.data)
    Stairlenth                               0x20000030   Data           4  mode_go.o(.data)
    uwTickFreq                               0x20000034   Data           1  stm32f1xx_hal.o(.data)
    uwTickPrio                               0x20000038   Data           4  stm32f1xx_hal.o(.data)
    uwTick                                   0x2000003c   Data           4  stm32f1xx_hal.o(.data)
    SystemCoreClock                          0x20000040   Data           4  system_stm32f1xx.o(.data)
    __aeabi_stdin                            0x20000044   Data           4  stdio_streams.o(.data)
    __aeabi_stdout                           0x20000048   Data           4  stdio_streams.o(.data)
    __aeabi_stderr                           0x2000004c   Data           4  stdio_streams.o(.data)
    htim1                                    0x20000050   Data          72  tim.o(.bss)
    htim2                                    0x20000098   Data          72  tim.o(.bss)
    htim3                                    0x200000e0   Data          72  tim.o(.bss)
    htim4                                    0x20000128   Data          72  tim.o(.bss)
    huart2                                   0x20000170   Data          68  usart.o(.bss)
    __stdin                                  0x200001b4   Data          84  stdio_streams.o(.bss)
    __stdout                                 0x20000208   Data          84  stdio_streams.o(.bss)
    __stderr                                 0x2000025c   Data          84  stdio_streams.o(.bss)
    __libspace_start                         0x200002b0   Data          96  libspace.o(.bss)
    __temporary_stack_top$libspace           0x20000310   Data           0  libspace.o(.bss)



==============================================================================

Memory Map of the image

  Image Entry point : 0x080000ed

  Load Region LR_IROM1 (Base: 0x08000000, Size: 0x00003c60, Max: 0x00010000, ABSOLUTE)

    Execution Region ER_IROM1 (Exec base: 0x08000000, Load base: 0x08000000, Size: 0x00003c10, Max: 0x00010000, ABSOLUTE)

    Exec Addr    Load Addr    Size         Type   Attr      Idx    E Section Name        Object

    0x08000000   0x08000000   0x000000ec   Data   RO            3    RESET               startup_stm32f103xb.o
    0x080000ec   0x080000ec   0x00000008   Code   RO         3066  * !!!main             c_w.l(__main.o)
    0x080000f4   0x080000f4   0x00000034   Code   RO         3437    !!!scatter          c_w.l(__scatter.o)
    0x08000128   0x08000128   0x0000001a   Code   RO         3439    !!handler_copy      c_w.l(__scatter_copy.o)
    0x08000142   0x08000142   0x00000002   PAD
    0x08000144   0x08000144   0x0000001c   Code   RO         3441    !!handler_zi        c_w.l(__scatter_zi.o)
    0x08000160   0x08000160   0x00000002   Code   RO         3230    .ARM.Collect$$libinit$$00000000  c_w.l(libinit.o)
    0x08000162   0x08000162   0x00000000   Code   RO         3232    .ARM.Collect$$libinit$$00000002  c_w.l(libinit2.o)
    0x08000162   0x08000162   0x00000000   Code   RO         3234    .ARM.Collect$$libinit$$00000004  c_w.l(libinit2.o)
    0x08000162   0x08000162   0x00000008   Code   RO         3235    .ARM.Collect$$libinit$$00000005  c_w.l(libinit2.o)
    0x0800016a   0x0800016a   0x00000000   Code   RO         3237    .ARM.Collect$$libinit$$0000000A  c_w.l(libinit2.o)
    0x0800016a   0x0800016a   0x00000000   Code   RO         3239    .ARM.Collect$$libinit$$0000000C  c_w.l(libinit2.o)
    0x0800016a   0x0800016a   0x00000000   Code   RO         3241    .ARM.Collect$$libinit$$0000000E  c_w.l(libinit2.o)
    0x0800016a   0x0800016a   0x00000006   Code   RO         3242    .ARM.Collect$$libinit$$0000000F  c_w.l(libinit2.o)
    0x08000170   0x08000170   0x00000000   Code   RO         3244    .ARM.Collect$$libinit$$00000011  c_w.l(libinit2.o)
    0x08000170   0x08000170   0x0000000c   Code   RO         3245    .ARM.Collect$$libinit$$00000012  c_w.l(libinit2.o)
    0x0800017c   0x0800017c   0x00000000   Code   RO         3246    .ARM.Collect$$libinit$$00000013  c_w.l(libinit2.o)
    0x0800017c   0x0800017c   0x00000000   Code   RO         3248    .ARM.Collect$$libinit$$00000015  c_w.l(libinit2.o)
    0x0800017c   0x0800017c   0x00000000   Code   RO         3250    .ARM.Collect$$libinit$$00000017  c_w.l(libinit2.o)
    0x0800017c   0x0800017c   0x00000000   Code   RO         3252    .ARM.Collect$$libinit$$00000019  c_w.l(libinit2.o)
    0x0800017c   0x0800017c   0x00000000   Code   RO         3254    .ARM.Collect$$libinit$$0000001B  c_w.l(libinit2.o)
    0x0800017c   0x0800017c   0x00000000   Code   RO         3256    .ARM.Collect$$libinit$$0000001D  c_w.l(libinit2.o)
    0x0800017c   0x0800017c   0x00000000   Code   RO         3258    .ARM.Collect$$libinit$$0000001F  c_w.l(libinit2.o)
    0x0800017c   0x0800017c   0x00000000   Code   RO         3260    .ARM.Collect$$libinit$$00000021  c_w.l(libinit2.o)
    0x0800017c   0x0800017c   0x00000000   Code   RO         3262    .ARM.Collect$$libinit$$00000023  c_w.l(libinit2.o)
    0x0800017c   0x0800017c   0x00000004   Code   RO         3263    .ARM.Collect$$libinit$$00000024  c_w.l(libinit2.o)
    0x08000180   0x08000180   0x00000000   Code   RO         3264    .ARM.Collect$$libinit$$00000025  c_w.l(libinit2.o)
    0x08000180   0x08000180   0x00000000   Code   RO         3268    .ARM.Collect$$libinit$$0000002C  c_w.l(libinit2.o)
    0x08000180   0x08000180   0x00000000   Code   RO         3270    .ARM.Collect$$libinit$$0000002E  c_w.l(libinit2.o)
    0x08000180   0x08000180   0x00000000   Code   RO         3272    .ARM.Collect$$libinit$$00000030  c_w.l(libinit2.o)
    0x08000180   0x08000180   0x00000000   Code   RO         3274    .ARM.Collect$$libinit$$00000032  c_w.l(libinit2.o)
    0x08000180   0x08000180   0x00000002   Code   RO         3275    .ARM.Collect$$libinit$$00000033  c_w.l(libinit2.o)
    0x08000182   0x08000182   0x00000002   Code   RO         3416    .ARM.Collect$$libshutdown$$00000000  c_w.l(libshutdown.o)
    0x08000184   0x08000184   0x00000000   Code   RO         3277    .ARM.Collect$$libshutdown$$00000002  c_w.l(libshutdown2.o)
    0x08000184   0x08000184   0x00000004   Code   RO         3278    .ARM.Collect$$libshutdown$$00000003  c_w.l(libshutdown2.o)
    0x08000188   0x08000188   0x00000000   Code   RO         3279    .ARM.Collect$$libshutdown$$00000004  c_w.l(libshutdown2.o)
    0x08000188   0x08000188   0x00000000   Code   RO         3282    .ARM.Collect$$libshutdown$$00000007  c_w.l(libshutdown2.o)
    0x08000188   0x08000188   0x00000000   Code   RO         3285    .ARM.Collect$$libshutdown$$0000000A  c_w.l(libshutdown2.o)
    0x08000188   0x08000188   0x00000000   Code   RO         3287    .ARM.Collect$$libshutdown$$0000000C  c_w.l(libshutdown2.o)
    0x08000188   0x08000188   0x00000000   Code   RO         3290    .ARM.Collect$$libshutdown$$0000000F  c_w.l(libshutdown2.o)
    0x08000188   0x08000188   0x00000002   Code   RO         3291    .ARM.Collect$$libshutdown$$00000010  c_w.l(libshutdown2.o)
    0x0800018a   0x0800018a   0x00000000   Code   RO         3080    .ARM.Collect$$rtentry$$00000000  c_w.l(__rtentry.o)
    0x0800018a   0x0800018a   0x00000000   Code   RO         3101    .ARM.Collect$$rtentry$$00000002  c_w.l(__rtentry2.o)
    0x0800018a   0x0800018a   0x00000006   Code   RO         3113    .ARM.Collect$$rtentry$$00000004  c_w.l(__rtentry4.o)
    0x08000190   0x08000190   0x00000000   Code   RO         3103    .ARM.Collect$$rtentry$$00000009  c_w.l(__rtentry2.o)
    0x08000190   0x08000190   0x00000004   Code   RO         3104    .ARM.Collect$$rtentry$$0000000A  c_w.l(__rtentry2.o)
    0x08000194   0x08000194   0x00000000   Code   RO         3106    .ARM.Collect$$rtentry$$0000000C  c_w.l(__rtentry2.o)
    0x08000194   0x08000194   0x00000008   Code   RO         3107    .ARM.Collect$$rtentry$$0000000D  c_w.l(__rtentry2.o)
    0x0800019c   0x0800019c   0x00000002   Code   RO         3300    .ARM.Collect$$rtexit$$00000000  c_w.l(rtexit.o)
    0x0800019e   0x0800019e   0x00000000   Code   RO         3352    .ARM.Collect$$rtexit$$00000002  c_w.l(rtexit2.o)
    0x0800019e   0x0800019e   0x00000004   Code   RO         3353    .ARM.Collect$$rtexit$$00000003  c_w.l(rtexit2.o)
    0x080001a2   0x080001a2   0x00000006   Code   RO         3354    .ARM.Collect$$rtexit$$00000004  c_w.l(rtexit2.o)
    0x080001a8   0x080001a8   0x00000000   Code   RO         3363    .emb_text           c_w.l(maybetermalloc1.o)
    0x080001a8   0x080001a8   0x00000040   Code   RO            4    .text               startup_stm32f103xb.o
    0x080001e8   0x080001e8   0x00000018   Code   RO         3056    .text               c_w.l(noretval__2printf.o)
    0x08000200   0x08000200   0x00000020   Code   RO         3058    .text               c_w.l(__0scanf.o)
    0x08000220   0x08000220   0x000000e0   Code   RO         3060    .text               c_w.l(_scanf_str.o)
    0x08000300   0x08000300   0x0000004e   Code   RO         3062    .text               c_w.l(rt_memclr_w.o)
    0x0800034e   0x0800034e   0x00000006   Code   RO         3064    .text               c_w.l(heapauxi.o)
    0x08000354   0x08000354   0x00000024   Code   RO         3081    .text               c_w.l(_printf_char_file.o)
    0x08000378   0x08000378   0x00000018   Code   RO         3083    .text               c_w.l(scanf_char_file.o)
    0x08000390   0x08000390   0x00000030   Code   RO         3115    .text               c_w.l(_printf_char_common.o)
    0x080003c0   0x080003c0   0x0000002c   Code   RO         3117    .text               c_w.l(scanf_char.o)
    0x080003ec   0x080003ec   0x00000048   Code   RO         3119    .text               c_w.l(backspace.o)
    0x08000434   0x08000434   0x00000008   Code   RO         3121    .text               c_w.l(ferror.o)
    0x0800043c   0x0800043c   0x00000138   Code   RO         3123    .text               c_w.l(initio.o)
    0x08000574   0x08000574   0x00000066   Code   RO         3135    .text               c_w.l(sys_io.o)
    0x080005da   0x080005da   0x0000004a   Code   RO         3142    .text               c_w.l(sys_stackheap_outer.o)
    0x08000624   0x08000624   0x0000004e   Code   RO         3146    .text               c_w.l(h1_free.o)
    0x08000672   0x08000672   0x00000012   Code   RO         3200    .text               c_w.l(isspace.o)
    0x08000684   0x08000684   0x00000028   Code   RO         3202    .text               c_w.l(__printf_nopercent.o)
    0x080006ac   0x080006ac   0x00000374   Code   RO         3204    .text               c_w.l(_scanf.o)
    0x08000a20   0x08000a20   0x00000046   Code   RO         3206    .text               c_w.l(setvbuf.o)
    0x08000a66   0x08000a66   0x00000002   PAD
    0x08000a68   0x08000a68   0x00000048   Code   RO         3208    .text               c_w.l(ungetc.o)
    0x08000ab0   0x08000ab0   0x000000ec   Code   RO         3211    .text               c_w.l(fopen.o)
    0x08000b9c   0x08000b9c   0x0000004c   Code   RO         3213    .text               c_w.l(fclose.o)
    0x08000be8   0x08000be8   0x00000012   Code   RO         3219    .text               c_w.l(exit.o)
    0x08000bfa   0x08000bfa   0x0000000e   Code   RO         3221    .text               c_w.l(defsig_rtred_outer.o)
    0x08000c08   0x08000c08   0x00000008   Code   RO         3294    .text               c_w.l(libspace.o)
    0x08000c10   0x08000c10   0x00000002   Code   RO         3297    .text               c_w.l(use_no_semi.o)
    0x08000c12   0x08000c12   0x00000000   Code   RO         3299    .text               c_w.l(indicate_semi.o)
    0x08000c12   0x08000c12   0x00000002   PAD
    0x08000c14   0x08000c14   0x00000010   Code   RO         3302    .text               c_w.l(rt_ctype_table.o)
    0x08000c24   0x08000c24   0x00000008   Code   RO         3309    .text               c_w.l(rt_heap_descriptor_intlibspace.o)
    0x08000c2c   0x08000c2c   0x00000004   Code   RO         3311    .text               c_w.l(hguard.o)
    0x08000c30   0x08000c30   0x0000008a   Code   RO         3313    .text               c_w.l(init_alloc.o)
    0x08000cba   0x08000cba   0x0000005e   Code   RO         3319    .text               c_w.l(h1_alloc.o)
    0x08000d18   0x08000d18   0x000000f8   Code   RO         3333    .text               c_w.l(fseek.o)
    0x08000e10   0x08000e10   0x000000f0   Code   RO         3335    .text               c_w.l(stdio.o)
    0x08000f00   0x08000f00   0x0000000a   Code   RO         3337    .text               c_w.l(defsig_exit.o)
    0x08000f0a   0x08000f0a   0x00000002   PAD
    0x08000f0c   0x08000f0c   0x00000034   Code   RO         3339    .text               c_w.l(defsig_rtred_inner.o)
    0x08000f40   0x08000f40   0x0000003e   Code   RO         3341    .text               c_w.l(strlen.o)
    0x08000f7e   0x08000f7e   0x00000002   PAD
    0x08000f80   0x08000f80   0x0000000c   Code   RO         3349    .text               c_w.l(sys_exit.o)
    0x08000f8c   0x08000f8c   0x00000008   Code   RO         3361    .text               c_w.l(rt_locale_intlibspace.o)
    0x08000f94   0x08000f94   0x0000000e   Code   RO         3365    .text               c_w.l(h1_init.o)
    0x08000fa2   0x08000fa2   0x00000034   Code   RO         3367    .text               c_w.l(h1_extend.o)
    0x08000fd6   0x08000fd6   0x00000042   Code   RO         3373    .text               c_w.l(ftell.o)
    0x08001018   0x08001018   0x00000032   Code   RO         3380    .text               c_w.l(defsig_general.o)
    0x0800104a   0x0800104a   0x0000000e   Code   RO         3382    .text               c_w.l(defsig_rtmem_outer.o)
    0x08001058   0x08001058   0x0000000e   Code   RO         3395    .text               c_w.l(sys_wrch.o)
    0x08001066   0x08001066   0x00000002   PAD
    0x08001068   0x08001068   0x00000008   Code   RO         3402    .text               c_w.l(rt_errno_addr_intlibspace.o)
    0x08001070   0x08001070   0x00000050   Code   RO         3408    .text               c_w.l(defsig_rtmem_inner.o)
    0x080010c0   0x080010c0   0x00000080   Code   RO         3412    .text               c_w.l(strcmpv7m.o)
    0x08001140   0x08001140   0x00000002   Code   RO          478    i.BusFault_Handler  stm32f1xx_it.o
    0x08001142   0x08001142   0x0000002c   Code   RO          590    i.CalcuDist         mode_go.o
    0x0800116e   0x0800116e   0x00000002   Code   RO          479    i.DebugMon_Handler  stm32f1xx_it.o
    0x08001170   0x08001170   0x00000020   Code   RO           13    i.Delay_us          uln2003.o
    0x08001190   0x08001190   0x00000004   Code   RO          266    i.Error_Handler     main.o
    0x08001194   0x08001194   0x00000044   Code   RO          143    i.GetSR04Range_ECHO1  hc_sr04.o
    0x080011d8   0x080011d8   0x00000044   Code   RO          144    i.GetSR04Range_ECHO2  hc_sr04.o
    0x0800121c   0x0800121c   0x00000044   Code   RO          145    i.GetSR04Range_ECHO3  hc_sr04.o
    0x08001260   0x08001260   0x00000024   Code   RO         1690    i.HAL_Delay         stm32f1xx_hal.o
    0x08001284   0x08001284   0x000001e0   Code   RO         1998    i.HAL_GPIO_Init     stm32f1xx_hal_gpio.o
    0x08001464   0x08001464   0x0000000a   Code   RO         2002    i.HAL_GPIO_WritePin  stm32f1xx_hal_gpio.o
    0x0800146e   0x0800146e   0x00000002   PAD
    0x08001470   0x08001470   0x0000000c   Code   RO         1694    i.HAL_GetTick       stm32f1xx_hal.o
    0x0800147c   0x0800147c   0x00000010   Code   RO         1700    i.HAL_IncTick       stm32f1xx_hal.o
    0x0800148c   0x0800148c   0x00000024   Code   RO         1701    i.HAL_Init          stm32f1xx_hal.o
    0x080014b0   0x080014b0   0x00000040   Code   RO         1702    i.HAL_InitTick      stm32f1xx_hal.o
    0x080014f0   0x080014f0   0x0000003c   Code   RO          566    i.HAL_MspInit       stm32f1xx_hal_msp.o
    0x0800152c   0x0800152c   0x0000001a   Code   RO         2158    i.HAL_NVIC_EnableIRQ  stm32f1xx_hal_cortex.o
    0x08001546   0x08001546   0x00000002   PAD
    0x08001548   0x08001548   0x00000040   Code   RO         2164    i.HAL_NVIC_SetPriority  stm32f1xx_hal_cortex.o
    0x08001588   0x08001588   0x00000024   Code   RO         2165    i.HAL_NVIC_SetPriorityGrouping  stm32f1xx_hal_cortex.o
    0x080015ac   0x080015ac   0x0000012c   Code   RO         1858    i.HAL_RCC_ClockConfig  stm32f1xx_hal_rcc.o
    0x080016d8   0x080016d8   0x00000020   Code   RO         1865    i.HAL_RCC_GetPCLK1Freq  stm32f1xx_hal_rcc.o
    0x080016f8   0x080016f8   0x00000020   Code   RO         1866    i.HAL_RCC_GetPCLK2Freq  stm32f1xx_hal_rcc.o
    0x08001718   0x08001718   0x0000006c   Code   RO         1867    i.HAL_RCC_GetSysClockFreq  stm32f1xx_hal_rcc.o
    0x08001784   0x08001784   0x00000320   Code   RO         1870    i.HAL_RCC_OscConfig  stm32f1xx_hal_rcc.o
    0x08001aa4   0x08001aa4   0x00000028   Code   RO         2169    i.HAL_SYSTICK_Config  stm32f1xx_hal_cortex.o
    0x08001acc   0x08001acc   0x00000002   Code   RO         1416    i.HAL_TIMEx_BreakCallback  stm32f1xx_hal_tim_ex.o
    0x08001ace   0x08001ace   0x00000002   Code   RO         1417    i.HAL_TIMEx_CommutCallback  stm32f1xx_hal_tim_ex.o
    0x08001ad0   0x08001ad0   0x00000054   Code   RO         1419    i.HAL_TIMEx_ConfigBreakDeadTime  stm32f1xx_hal_tim_ex.o
    0x08001b24   0x08001b24   0x00000068   Code   RO         1435    i.HAL_TIMEx_MasterConfigSynchronization  stm32f1xx_hal_tim_ex.o
    0x08001b8c   0x08001b8c   0x0000005a   Code   RO          712    i.HAL_TIM_Base_Init  stm32f1xx_hal_tim.o
    0x08001be6   0x08001be6   0x00000002   PAD
    0x08001be8   0x08001be8   0x000000fc   Code   RO          370    i.HAL_TIM_Base_MspInit  tim.o
    0x08001ce4   0x08001ce4   0x000000d6   Code   RO          721    i.HAL_TIM_ConfigClockSource  stm32f1xx_hal_tim.o
    0x08001dba   0x08001dba   0x00000002   PAD
    0x08001dbc   0x08001dbc   0x00000168   Code   RO          146    i.HAL_TIM_IC_CaptureCallback  hc_sr04.o
    0x08001f24   0x08001f24   0x0000010e   Code   RO          748    i.HAL_TIM_IC_ConfigChannel  stm32f1xx_hal_tim.o
    0x08002032   0x08002032   0x0000005a   Code   RO          751    i.HAL_TIM_IC_Init   stm32f1xx_hal_tim.o
    0x0800208c   0x0800208c   0x00000002   Code   RO          753    i.HAL_TIM_IC_MspInit  stm32f1xx_hal_tim.o
    0x0800208e   0x0800208e   0x00000002   PAD
    0x08002090   0x08002090   0x000000e0   Code   RO          756    i.HAL_TIM_IC_Start_IT  stm32f1xx_hal_tim.o
    0x08002170   0x08002170   0x00000166   Code   RO          760    i.HAL_TIM_IRQHandler  stm32f1xx_hal_tim.o
    0x080022d6   0x080022d6   0x00000002   PAD
    0x080022d8   0x080022d8   0x000000bc   Code   RO          371    i.HAL_TIM_MspPostInit  tim.o
    0x08002394   0x08002394   0x00000002   Code   RO          763    i.HAL_TIM_OC_DelayElapsedCallback  stm32f1xx_hal_tim.o
    0x08002396   0x08002396   0x000000c6   Code   RO          784    i.HAL_TIM_PWM_ConfigChannel  stm32f1xx_hal_tim.o
    0x0800245c   0x0800245c   0x0000005a   Code   RO          787    i.HAL_TIM_PWM_Init  stm32f1xx_hal_tim.o
    0x080024b6   0x080024b6   0x00000002   Code   RO          789    i.HAL_TIM_PWM_MspInit  stm32f1xx_hal_tim.o
    0x080024b8   0x080024b8   0x00000002   Code   RO          790    i.HAL_TIM_PWM_PulseFinishedCallback  stm32f1xx_hal_tim.o
    0x080024ba   0x080024ba   0x00000002   PAD
    0x080024bc   0x080024bc   0x0000009c   Code   RO          792    i.HAL_TIM_PWM_Start  stm32f1xx_hal_tim.o
    0x08002558   0x08002558   0x000000ac   Code   RO          147    i.HAL_TIM_PeriodElapsedCallback  hc_sr04.o
    0x08002604   0x08002604   0x0000002a   Code   RO          800    i.HAL_TIM_ReadCapturedValue  stm32f1xx_hal_tim.o
    0x0800262e   0x0800262e   0x00000002   Code   RO          803    i.HAL_TIM_TriggerCallback  stm32f1xx_hal_tim.o
    0x08002630   0x08002630   0x00000062   Code   RO         2687    i.HAL_UART_Init     stm32f1xx_hal_uart.o
    0x08002692   0x08002692   0x00000002   PAD
    0x08002694   0x08002694   0x00000070   Code   RO          437    i.HAL_UART_MspInit  usart.o
    0x08002704   0x08002704   0x000000c0   Code   RO         2690    i.HAL_UART_Receive  stm32f1xx_hal_uart.o
    0x080027c4   0x080027c4   0x000000b2   Code   RO         2695    i.HAL_UART_Transmit  stm32f1xx_hal_uart.o
    0x08002876   0x08002876   0x00000002   Code   RO          480    i.HardFault_Handler  stm32f1xx_it.o
    0x08002878   0x08002878   0x000000b0   Code   RO          345    i.MX_GPIO_Init      gpio.o
    0x08002928   0x08002928   0x000000c8   Code   RO          372    i.MX_TIM1_Init      tim.o
    0x080029f0   0x080029f0   0x000000d4   Code   RO          373    i.MX_TIM2_Init      tim.o
    0x08002ac4   0x08002ac4   0x000000e8   Code   RO          374    i.MX_TIM3_Init      tim.o
    0x08002bac   0x08002bac   0x000000c8   Code   RO          375    i.MX_TIM4_Init      tim.o
    0x08002c74   0x08002c74   0x00000038   Code   RO          438    i.MX_USART2_UART_Init  usart.o
    0x08002cac   0x08002cac   0x00000002   Code   RO          481    i.MemManage_Handler  stm32f1xx_it.o
    0x08002cae   0x08002cae   0x00000002   PAD
    0x08002cb0   0x08002cb0   0x0000002c   Code   RO          201    i.MotorTT_B         motortt.o
    0x08002cdc   0x08002cdc   0x00000028   Code   RO          202    i.MotorTT_F         motortt.o
    0x08002d04   0x08002d04   0x0000002c   Code   RO          203    i.MotorTT_L         motortt.o
    0x08002d30   0x08002d30   0x0000002c   Code   RO          204    i.MotorTT_R         motortt.o
    0x08002d5c   0x08002d5c   0x00000002   Code   RO          482    i.NMI_Handler       stm32f1xx_it.o
    0x08002d5e   0x08002d5e   0x00000002   Code   RO          483    i.PendSV_Handler    stm32f1xx_it.o
    0x08002d60   0x08002d60   0x00000002   Code   RO          484    i.SVC_Handler       stm32f1xx_it.o
    0x08002d62   0x08002d62   0x00000002   PAD
    0x08002d64   0x08002d64   0x000000d0   Code   RO          591    i.Side2Side         mode_go.o
    0x08002e34   0x08002e34   0x00000018   Code   RO          205    i.SteeingEngCtrl    motortt.o
    0x08002e4c   0x08002e4c   0x00000004   Code   RO          485    i.SysTick_Handler   stm32f1xx_it.o
    0x08002e50   0x08002e50   0x0000005e   Code   RO          267    i.SystemClock_Config  main.o
    0x08002eae   0x08002eae   0x00000002   Code   RO         3016    i.SystemInit        system_stm32f1xx.o
    0x08002eb0   0x08002eb0   0x0000000c   Code   RO          486    i.TIM2_IRQHandler   stm32f1xx_it.o
    0x08002ebc   0x08002ebc   0x0000000c   Code   RO          487    i.TIM3_IRQHandler   stm32f1xx_it.o
    0x08002ec8   0x08002ec8   0x0000006c   Code   RO          805    i.TIM_Base_SetConfig  stm32f1xx_hal_tim.o
    0x08002f34   0x08002f34   0x0000001a   Code   RO          806    i.TIM_CCxChannelCmd  stm32f1xx_hal_tim.o
    0x08002f4e   0x08002f4e   0x00000014   Code   RO          816    i.TIM_ETR_SetConfig  stm32f1xx_hal_tim.o
    0x08002f62   0x08002f62   0x00000010   Code   RO          817    i.TIM_ITRx_SetConfig  stm32f1xx_hal_tim.o
    0x08002f72   0x08002f72   0x00000002   PAD
    0x08002f74   0x08002f74   0x00000050   Code   RO          818    i.TIM_OC1_SetConfig  stm32f1xx_hal_tim.o
    0x08002fc4   0x08002fc4   0x00000058   Code   RO          819    i.TIM_OC2_SetConfig  stm32f1xx_hal_tim.o
    0x0800301c   0x0800301c   0x00000058   Code   RO          820    i.TIM_OC3_SetConfig  stm32f1xx_hal_tim.o
    0x08003074   0x08003074   0x00000044   Code   RO          821    i.TIM_OC4_SetConfig  stm32f1xx_hal_tim.o
    0x080030b8   0x080030b8   0x00000022   Code   RO          823    i.TIM_TI1_ConfigInputStage  stm32f1xx_hal_tim.o
    0x080030da   0x080030da   0x00000002   PAD
    0x080030dc   0x080030dc   0x00000058   Code   RO          824    i.TIM_TI1_SetConfig  stm32f1xx_hal_tim.o
    0x08003134   0x08003134   0x00000024   Code   RO          825    i.TIM_TI2_ConfigInputStage  stm32f1xx_hal_tim.o
    0x08003158   0x08003158   0x00000036   Code   RO          826    i.TIM_TI2_SetConfig  stm32f1xx_hal_tim.o
    0x0800318e   0x0800318e   0x00000002   PAD
    0x08003190   0x08003190   0x000000b8   Code   RO         2713    i.UART_SetConfig    stm32f1xx_hal_uart.o
    0x08003248   0x08003248   0x00000064   Code   RO         2716    i.UART_WaitOnFlagUntilTimeout  stm32f1xx_hal_uart.o
    0x080032ac   0x080032ac   0x00000040   Code   RO          592    i.UUD2UUU           mode_go.o
    0x080032ec   0x080032ec   0x00000138   Code   RO          593    i.UpStairs_DDD2UUD  mode_go.o
    0x08003424   0x08003424   0x00000002   Code   RO          488    i.UsageFault_Handler  stm32f1xx_it.o
    0x08003426   0x08003426   0x00000020   Code   RO         2171    i.__NVIC_SetPriority  stm32f1xx_hal_cortex.o
    0x08003446   0x08003446   0x00000002   PAD
    0x08003448   0x08003448   0x0000001c   Code   RO          268    i.fgetc             main.o
    0x08003464   0x08003464   0x00000018   Code   RO          269    i.fputc             main.o
    0x0800347c   0x0800347c   0x000000dc   Code   RO          270    i.main              main.o
    0x08003558   0x08003558   0x00000298   Code   RO           14    i.uln2003_MotorRotation_1  uln2003.o
    0x080037f0   0x080037f0   0x000002a0   Code   RO           15    i.uln2003_MotorRotation_2  uln2003.o
    0x08003a90   0x08003a90   0x0000002c   Code   RO         3376    locale$$code        c_w.l(lc_ctype_c.o)
    0x08003abc   0x08003abc   0x00000010   Data   RO         3017    .constdata          system_stm32f1xx.o
    0x08003acc   0x08003acc   0x00000008   Data   RO         3018    .constdata          system_stm32f1xx.o
    0x08003ad4   0x08003ad4   0x00000004   Data   RO         3136    .constdata          c_w.l(sys_io.o)
    0x08003ad8   0x08003ad8   0x00000004   Data   RO         3137    .constdata          c_w.l(sys_io.o)
    0x08003adc   0x08003adc   0x00000004   Data   RO         3138    .constdata          c_w.l(sys_io.o)
    0x08003ae0   0x08003ae0   0x00000020   Data   RO         3435    Region$$Table       anon$$obj.o
    0x08003b00   0x08003b00   0x00000110   Data   RO         3375    locale$$data        c_w.l(lc_ctype_c.o)


    Execution Region RW_IRAM1 (Exec base: 0x20000000, Load base: 0x08003c10, Size: 0x00000910, Max: 0x00005000, ABSOLUTE)

    Exec Addr    Load Addr    Size         Type   Attr      Idx    E Section Name        Object

    0x20000000   0x08003c10   0x0000001c   Data   RW          148    .data               hc_sr04.o
    0x2000001c   0x08003c2c   0x00000004   Data   RW          271    .data               main.o
    0x20000020   0x08003c30   0x00000002   Data   RW          377    .data               tim.o
    0x20000022   0x08003c32   0x00000002   PAD
    0x20000024   0x08003c34   0x00000010   Data   RW          594    .data               mode_go.o
    0x20000034   0x08003c44   0x0000000c   Data   RW         1708    .data               stm32f1xx_hal.o
    0x20000040   0x08003c50   0x00000004   Data   RW         3019    .data               system_stm32f1xx.o
    0x20000044   0x08003c54   0x00000004   Data   RW         3088    .data               c_w.l(stdio_streams.o)
    0x20000048   0x08003c58   0x00000004   Data   RW         3089    .data               c_w.l(stdio_streams.o)
    0x2000004c   0x08003c5c   0x00000004   Data   RW         3090    .data               c_w.l(stdio_streams.o)
    0x20000050        -       0x00000120   Zero   RW          376    .bss                tim.o
    0x20000170        -       0x00000044   Zero   RW          439    .bss                usart.o
    0x200001b4        -       0x00000054   Zero   RW         3085    .bss                c_w.l(stdio_streams.o)
    0x20000208        -       0x00000054   Zero   RW         3086    .bss                c_w.l(stdio_streams.o)
    0x2000025c        -       0x00000054   Zero   RW         3087    .bss                c_w.l(stdio_streams.o)
    0x200002b0        -       0x00000060   Zero   RW         3295    .bss                c_w.l(libspace.o)
    0x20000310        -       0x00000200   Zero   RW            2    HEAP                startup_stm32f103xb.o
    0x20000510        -       0x00000400   Zero   RW            1    STACK               startup_stm32f103xb.o


==============================================================================

Image component sizes


      Code (inc. data)   RO Data    RW Data    ZI Data      Debug   Object Name

       176         14          0          0          0        891   gpio.o
       736         48          0         28          0       3892   hc_sr04.o
       370        104          0          4          0       4328   main.o
       628         36          0         16          0       2776   mode_go.o
       196         28          0          0          0       2705   motortt.o
        64         26        236          0       1536        788   startup_stm32f103xb.o
       164         28          0         12          0       5709   stm32f1xx_hal.o
       198         14          0          0          0      28791   stm32f1xx_hal_cortex.o
       490         34          0          0          0       2820   stm32f1xx_hal_gpio.o
        60          8          0          0          0        822   stm32f1xx_hal_msp.o
      1272        100          0          0          0       5044   stm32f1xx_hal_rcc.o
      2448         70          0          0          0      19501   stm32f1xx_hal_tim.o
       192         12          0          0          0       3037   stm32f1xx_hal_tim_ex.o
       752          6          0          0          0       4995   stm32f1xx_hal_uart.o
        44         12          0          0          0       4462   stm32f1xx_it.o
         2          0         24          4          0       1047   system_stm32f1xx.o
      1284         82          0          2        288       4956   tim.o
      1368         20          0          0          0     430975   uln2003.o
       168         22          0          0         68       1582   usart.o

    ----------------------------------------------------------------------
     10640        664        292         68       1892     529121   Object Totals
         0          0         32          0          0          0   (incl. Generated)
        28          0          0          2          0          0   (incl. Padding)

    ----------------------------------------------------------------------

      Code (inc. data)   RO Data    RW Data    ZI Data      Debug   Library Member Name

        32          6          0          0          0         84   __0scanf.o
         8          0          0          0          0         68   __main.o
        40          0          0          0          0         84   __printf_nopercent.o
         0          0          0          0          0          0   __rtentry.o
        12          0          0          0          0          0   __rtentry2.o
         6          0          0          0          0          0   __rtentry4.o
        52          8          0          0          0          0   __scatter.o
        26          0          0          0          0          0   __scatter_copy.o
        28          0          0          0          0          0   __scatter_zi.o
        48          6          0          0          0         96   _printf_char_common.o
        36          4          0          0          0         80   _printf_char_file.o
       884          6          0          0          0        100   _scanf.o
       224          0          0          0          0         96   _scanf_str.o
        72          0          0          0          0         92   backspace.o
        10          0          0          0          0         68   defsig_exit.o
        50          0          0          0          0         88   defsig_general.o
        80         58          0          0          0         76   defsig_rtmem_inner.o
        14          0          0          0          0         80   defsig_rtmem_outer.o
        52         38          0          0          0         76   defsig_rtred_inner.o
        14          0          0          0          0         80   defsig_rtred_outer.o
        18          0          0          0          0         80   exit.o
        76          0          0          0          0         88   fclose.o
         8          0          0          0          0         68   ferror.o
       236          4          0          0          0        128   fopen.o
       248          6          0          0          0         84   fseek.o
        66          0          0          0          0         76   ftell.o
        94          0          0          0          0         80   h1_alloc.o
        52          0          0          0          0         68   h1_extend.o
        78          0          0          0          0         80   h1_free.o
        14          0          0          0          0         84   h1_init.o
         6          0          0          0          0        152   heapauxi.o
         4          0          0          0          0        136   hguard.o
         0          0          0          0          0          0   indicate_semi.o
       138          0          0          0          0        168   init_alloc.o
       312         46          0          0          0        112   initio.o
        18          0          0          0          0         76   isspace.o
        44         10        272          0          0         76   lc_ctype_c.o
         2          0          0          0          0          0   libinit.o
        32          0          0          0          0          0   libinit2.o
         2          0          0          0          0          0   libshutdown.o
         6          0          0          0          0          0   libshutdown2.o
         8          4          0          0         96         68   libspace.o
         0          0          0          0          0          0   maybetermalloc1.o
        24          4          0          0          0         84   noretval__2printf.o
        16          4          0          0          0         76   rt_ctype_table.o
         8          4          0          0          0         68   rt_errno_addr_intlibspace.o
         8          4          0          0          0         68   rt_heap_descriptor_intlibspace.o
         8          4          0          0          0         68   rt_locale_intlibspace.o
        78          0          0          0          0         80   rt_memclr_w.o
         2          0          0          0          0          0   rtexit.o
        10          0          0          0          0          0   rtexit2.o
        44          8          0          0          0         84   scanf_char.o
        24          8          0          0          0         68   scanf_char_file.o
        70          0          0          0          0         80   setvbuf.o
       240          6          0          0          0        156   stdio.o
         0          0          0         12        252          0   stdio_streams.o
       128          0          0          0          0         68   strcmpv7m.o
        62          0          0          0          0         76   strlen.o
        12          4          0          0          0         68   sys_exit.o
       102          0         12          0          0        240   sys_io.o
        74          0          0          0          0         80   sys_stackheap_outer.o
        14          0          0          0          0         76   sys_wrch.o
        72         12          0          0          0         68   ungetc.o
         2          0          0          0          0         68   use_no_semi.o

    ----------------------------------------------------------------------
      4160        254        284         12        348       4368   Library Totals
        12          0          0          0          0          0   (incl. Padding)

    ----------------------------------------------------------------------

      Code (inc. data)   RO Data    RW Data    ZI Data      Debug   Library Name

      4148        254        284         12        348       4368   c_w.l

    ----------------------------------------------------------------------
      4160        254        284         12        348       4368   Library Totals

    ----------------------------------------------------------------------

==============================================================================


      Code (inc. data)   RO Data    RW Data    ZI Data      Debug   

     14800        918        576         80       2240     526309   Grand Totals
     14800        918        576         80       2240     526309   ELF Image Totals
     14800        918        576         80          0          0   ROM Totals

==============================================================================

    Total RO  Size (Code + RO Data)                15376 (  15.02kB)
    Total RW  Size (RW Data + ZI Data)              2320 (   2.27kB)
    Total ROM Size (Code + RO Data + RW Data)      15456 (  15.09kB)

==============================================================================

